Archive member included to satisfy reference by file (symbol)

c:/st/stm32cubeide_1.12.1/stm32cubeide/plugins/com.st.stm32cube.ide.mcu.externaltools.gnu-tools-for-stm32.10.3-2021.10.win32_1.0.200.202301161003/tools/bin/../lib/gcc/arm-none-eabi/10.3.1/../../../../arm-none-eabi/lib/thumb/v7e-m+fp/hard\libc_nano.a(lib_a-errno.o)
                              ./Core/Src/syscalls.o (__errno)
c:/st/stm32cubeide_1.12.1/stm32cubeide/plugins/com.st.stm32cube.ide.mcu.externaltools.gnu-tools-for-stm32.10.3-2021.10.win32_1.0.200.202301161003/tools/bin/../lib/gcc/arm-none-eabi/10.3.1/../../../../arm-none-eabi/lib/thumb/v7e-m+fp/hard\libc_nano.a(lib_a-exit.o)
                              c:/st/stm32cubeide_1.12.1/stm32cubeide/plugins/com.st.stm32cube.ide.mcu.externaltools.gnu-tools-for-stm32.10.3-2021.10.win32_1.0.200.202301161003/tools/bin/../lib/gcc/arm-none-eabi/10.3.1/../../../../arm-none-eabi/lib/thumb/v7e-m+fp/hard/crt0.o (exit)
c:/st/stm32cubeide_1.12.1/stm32cubeide/plugins/com.st.stm32cube.ide.mcu.externaltools.gnu-tools-for-stm32.10.3-2021.10.win32_1.0.200.202301161003/tools/bin/../lib/gcc/arm-none-eabi/10.3.1/../../../../arm-none-eabi/lib/thumb/v7e-m+fp/hard\libc_nano.a(lib_a-impure.o)
                              c:/st/stm32cubeide_1.12.1/stm32cubeide/plugins/com.st.stm32cube.ide.mcu.externaltools.gnu-tools-for-stm32.10.3-2021.10.win32_1.0.200.202301161003/tools/bin/../lib/gcc/arm-none-eabi/10.3.1/../../../../arm-none-eabi/lib/thumb/v7e-m+fp/hard\libc_nano.a(lib_a-exit.o) (_global_impure_ptr)
c:/st/stm32cubeide_1.12.1/stm32cubeide/plugins/com.st.stm32cube.ide.mcu.externaltools.gnu-tools-for-stm32.10.3-2021.10.win32_1.0.200.202301161003/tools/bin/../lib/gcc/arm-none-eabi/10.3.1/../../../../arm-none-eabi/lib/thumb/v7e-m+fp/hard\libc_nano.a(lib_a-init.o)
                              c:/st/stm32cubeide_1.12.1/stm32cubeide/plugins/com.st.stm32cube.ide.mcu.externaltools.gnu-tools-for-stm32.10.3-2021.10.win32_1.0.200.202301161003/tools/bin/../lib/gcc/arm-none-eabi/10.3.1/../../../../arm-none-eabi/lib/thumb/v7e-m+fp/hard/crt0.o (__libc_init_array)
c:/st/stm32cubeide_1.12.1/stm32cubeide/plugins/com.st.stm32cube.ide.mcu.externaltools.gnu-tools-for-stm32.10.3-2021.10.win32_1.0.200.202301161003/tools/bin/../lib/gcc/arm-none-eabi/10.3.1/../../../../arm-none-eabi/lib/thumb/v7e-m+fp/hard\libc_nano.a(lib_a-memcmp.o)
                              ./common/ThirdParty/SEGGER/OS/SEGGER_SYSVIEW_FreeRTOS.o (memcmp)
c:/st/stm32cubeide_1.12.1/stm32cubeide/plugins/com.st.stm32cube.ide.mcu.externaltools.gnu-tools-for-stm32.10.3-2021.10.win32_1.0.200.202301161003/tools/bin/../lib/gcc/arm-none-eabi/10.3.1/../../../../arm-none-eabi/lib/thumb/v7e-m+fp/hard\libc_nano.a(lib_a-memcpy-stub.o)
                              ./common/ThirdParty/FreeRTOS/queue.o (memcpy)
c:/st/stm32cubeide_1.12.1/stm32cubeide/plugins/com.st.stm32cube.ide.mcu.externaltools.gnu-tools-for-stm32.10.3-2021.10.win32_1.0.200.202301161003/tools/bin/../lib/gcc/arm-none-eabi/10.3.1/../../../../arm-none-eabi/lib/thumb/v7e-m+fp/hard\libc_nano.a(lib_a-memset.o)
                              c:/st/stm32cubeide_1.12.1/stm32cubeide/plugins/com.st.stm32cube.ide.mcu.externaltools.gnu-tools-for-stm32.10.3-2021.10.win32_1.0.200.202301161003/tools/bin/../lib/gcc/arm-none-eabi/10.3.1/../../../../arm-none-eabi/lib/thumb/v7e-m+fp/hard/crt0.o (memset)
c:/st/stm32cubeide_1.12.1/stm32cubeide/plugins/com.st.stm32cube.ide.mcu.externaltools.gnu-tools-for-stm32.10.3-2021.10.win32_1.0.200.202301161003/tools/bin/../lib/gcc/arm-none-eabi/10.3.1/../../../../arm-none-eabi/lib/thumb/v7e-m+fp/hard\libc_nano.a(lib_a-strcmp.o)
                              ./Core/Src/task_handler.o (strcmp)
c:/st/stm32cubeide_1.12.1/stm32cubeide/plugins/com.st.stm32cube.ide.mcu.externaltools.gnu-tools-for-stm32.10.3-2021.10.win32_1.0.200.202301161003/tools/bin/../lib/gcc/arm-none-eabi/10.3.1/../../../../arm-none-eabi/lib/thumb/v7e-m+fp/hard\libc_nano.a(lib_a-strlen.o)
                              ./Core/Src/task_handler.o (strlen)
c:/st/stm32cubeide_1.12.1/stm32cubeide/plugins/com.st.stm32cube.ide.mcu.externaltools.gnu-tools-for-stm32.10.3-2021.10.win32_1.0.200.202301161003/tools/bin/../lib/gcc/arm-none-eabi/10.3.1/thumb/v7e-m+fp/hard\libgcc.a(_aeabi_uldivmod.o)
                              ./Drivers/STM32F4xx_HAL_Driver/Src/stm32f4xx_hal_rcc.o (__aeabi_uldivmod)
c:/st/stm32cubeide_1.12.1/stm32cubeide/plugins/com.st.stm32cube.ide.mcu.externaltools.gnu-tools-for-stm32.10.3-2021.10.win32_1.0.200.202301161003/tools/bin/../lib/gcc/arm-none-eabi/10.3.1/thumb/v7e-m+fp/hard\libgcc.a(_udivmoddi4.o)
                              c:/st/stm32cubeide_1.12.1/stm32cubeide/plugins/com.st.stm32cube.ide.mcu.externaltools.gnu-tools-for-stm32.10.3-2021.10.win32_1.0.200.202301161003/tools/bin/../lib/gcc/arm-none-eabi/10.3.1/thumb/v7e-m+fp/hard\libgcc.a(_aeabi_uldivmod.o) (__udivmoddi4)
[...]
Memory Configuration

Name             Origin             Length             Attributes
RAM              0x0000000020000000 0x0000000000018000 xrw
FLASH            0x0000000008000000 0x0000000000080000 xr
*default*        0x0000000000000000 0xffffffffffffffff

Linker script and memory map

LOAD c:/st/stm32cubeide_1.12.1/stm32cubeide/plugins/com.st.stm32cube.ide.mcu.externaltools.gnu-tools-for-stm32.10.3-2021.10.win32_1.0.200.202301161003/tools/bin/../lib/gcc/arm-none-eabi/10.3.1/thumb/v7e-m+fp/hard/crti.o
LOAD c:/st/stm32cubeide_1.12.1/stm32cubeide/plugins/com.st.stm32cube.ide.mcu.externaltools.gnu-tools-for-stm32.10.3-2021.10.win32_1.0.200.202301161003/tools/bin/../lib/gcc/arm-none-eabi/10.3.1/thumb/v7e-m+fp/hard/crtbegin.o
LOAD c:/st/stm32cubeide_1.12.1/stm32cubeide/plugins/com.st.stm32cube.ide.mcu.externaltools.gnu-tools-for-stm32.10.3-2021.10.win32_1.0.200.202301161003/tools/bin/../lib/gcc/arm-none-eabi/10.3.1/../../../../arm-none-eabi/lib/thumb/v7e-m+fp/hard/crt0.o
LOAD ./Core/Src/led_effect.o
LOAD ./Core/Src/main.o
LOAD ./Core/Src/stm32f4xx_hal_msp.o
LOAD ./Core/Src/stm32f4xx_hal_timebase_tim.o
LOAD ./Core/Src/stm32f4xx_it.o
LOAD ./Core/Src/syscalls.o
LOAD ./Core/Src/sysmem.o
LOAD ./Core/Src/system_stm32f4xx.o
LOAD ./Core/Src/task_handler.o
LOAD ./Core/Startup/startup_stm32f401retx.o
LOAD ./Drivers/STM32F4xx_HAL_Driver/Src/stm32f4xx_hal.o
LOAD ./Drivers/STM32F4xx_HAL_Driver/Src/stm32f4xx_hal_cortex.o
LOAD ./Drivers/STM32F4xx_HAL_Driver/Src/stm32f4xx_hal_dma.o
LOAD ./Drivers/STM32F4xx_HAL_Driver/Src/stm32f4xx_hal_dma_ex.o
LOAD ./Drivers/STM32F4xx_HAL_Driver/Src/stm32f4xx_hal_exti.o
LOAD ./Drivers/STM32F4xx_HAL_Driver/Src/stm32f4xx_hal_flash.o
LOAD ./Drivers/STM32F4xx_HAL_Driver/Src/stm32f4xx_hal_flash_ex.o
LOAD ./Drivers/STM32F4xx_HAL_Driver/Src/stm32f4xx_hal_flash_ramfunc.o
LOAD ./Drivers/STM32F4xx_HAL_Driver/Src/stm32f4xx_hal_gpio.o
LOAD ./Drivers/STM32F4xx_HAL_Driver/Src/stm32f4xx_hal_pwr.o
LOAD ./Drivers/STM32F4xx_HAL_Driver/Src/stm32f4xx_hal_pwr_ex.o
LOAD ./Drivers/STM32F4xx_HAL_Driver/Src/stm32f4xx_hal_rcc.o
LOAD ./Drivers/STM32F4xx_HAL_Driver/Src/stm32f4xx_hal_rcc_ex.o
LOAD ./Drivers/STM32F4xx_HAL_Driver/Src/stm32f4xx_hal_rtc.o
LOAD ./Drivers/STM32F4xx_HAL_Driver/Src/stm32f4xx_hal_rtc_ex.o
LOAD ./Drivers/STM32F4xx_HAL_Driver/Src/stm32f4xx_hal_tim.o
LOAD ./Drivers/STM32F4xx_HAL_Driver/Src/stm32f4xx_hal_tim_ex.o
LOAD ./Drivers/STM32F4xx_HAL_Driver/Src/stm32f4xx_hal_uart.o
LOAD ./common/ThirdParty/FreeRTOS/croutine.o
LOAD ./common/ThirdParty/FreeRTOS/event_groups.o
LOAD ./common/ThirdParty/FreeRTOS/list.o
LOAD ./common/ThirdParty/FreeRTOS/queue.o
LOAD ./common/ThirdParty/FreeRTOS/stream_buffer.o
LOAD ./common/ThirdParty/FreeRTOS/tasks.o
LOAD ./common/ThirdParty/FreeRTOS/timers.o
LOAD ./common/ThirdParty/FreeRTOS/portable/GCC/ARM_CM4F/port.o
LOAD ./common/ThirdParty/FreeRTOS/portable/MemMang/heap_4.o
LOAD ./common/ThirdParty/SEGGER/Config/SEGGER_SYSVIEW_Config_FreeRTOS.o
LOAD ./common/ThirdParty/SEGGER/OS/SEGGER_SYSVIEW_FreeRTOS.o
LOAD ./common/ThirdParty/SEGGER/SEGGER/SEGGER_RTT.o
LOAD ./common/ThirdParty/SEGGER/SEGGER/SEGGER_RTT_ASM_ARMv7M.o
LOAD ./common/ThirdParty/SEGGER/SEGGER/SEGGER_RTT_printf.o
LOAD ./common/ThirdParty/SEGGER/SEGGER/SEGGER_SYSVIEW.o
LOAD ./common/ThirdParty/SEGGER/SEGGER/Syscalls/SEGGER_RTT_Syscalls_GCC.o
START GROUP
LOAD c:/st/stm32cubeide_1.12.1/stm32cubeide/plugins/com.st.stm32cube.ide.mcu.externaltools.gnu-tools-for-stm32.10.3-2021.10.win32_1.0.200.202301161003/tools/bin/../lib/gcc/arm-none-eabi/10.3.1/../../../../arm-none-eabi/lib/thumb/v7e-m+fp/hard\libc_nano.a
LOAD c:/st/stm32cubeide_1.12.1/stm32cubeide/plugins/com.st.stm32cube.ide.mcu.externaltools.gnu-tools-for-stm32.10.3-2021.10.win32_1.0.200.202301161003/tools/bin/../lib/gcc/arm-none-eabi/10.3.1/../../../../arm-none-eabi/lib/thumb/v7e-m+fp/hard\libm.a
END GROUP
START GROUP
LOAD c:/st/stm32cubeide_1.12.1/stm32cubeide/plugins/com.st.stm32cube.ide.mcu.externaltools.gnu-tools-for-stm32.10.3-2021.10.win32_1.0.200.202301161003/tools/bin/../lib/gcc/arm-none-eabi/10.3.1/thumb/v7e-m+fp/hard\libgcc.a
LOAD c:/st/stm32cubeide_1.12.1/stm32cubeide/plugins/com.st.stm32cube.ide.mcu.externaltools.gnu-tools-for-stm32.10.3-2021.10.win32_1.0.200.202301161003/tools/bin/../lib/gcc/arm-none-eabi/10.3.1/../../../../arm-none-eabi/lib/thumb/v7e-m+fp/hard\libc_nano.a
END GROUP
START GROUP
LOAD c:/st/stm32cubeide_1.12.1/stm32cubeide/plugins/com.st.stm32cube.ide.mcu.externaltools.gnu-tools-for-stm32.10.3-2021.10.win32_1.0.200.202301161003/tools/bin/../lib/gcc/arm-none-eabi/10.3.1/thumb/v7e-m+fp/hard\libgcc.a
LOAD c:/st/stm32cubeide_1.12.1/stm32cubeide/plugins/com.st.stm32cube.ide.mcu.externaltools.gnu-tools-for-stm32.10.3-2021.10.win32_1.0.200.202301161003/tools/bin/../lib/gcc/arm-none-eabi/10.3.1/../../../../arm-none-eabi/lib/thumb/v7e-m+fp/hard\libc_nano.a
LOAD c:/st/stm32cubeide_1.12.1/stm32cubeide/plugins/com.st.stm32cube.ide.mcu.externaltools.gnu-tools-for-stm32.10.3-2021.10.win32_1.0.200.202301161003/tools/bin/../lib/gcc/arm-none-eabi/10.3.1/../../../../arm-none-eabi/lib/thumb/v7e-m+fp/hard\libnosys.a
END GROUP
START GROUP
LOAD c:/st/stm32cubeide_1.12.1/stm32cubeide/plugins/com.st.stm32cube.ide.mcu.externaltools.gnu-tools-for-stm32.10.3-2021.10.win32_1.0.200.202301161003/tools/bin/../lib/gcc/arm-none-eabi/10.3.1/thumb/v7e-m+fp/hard\libgcc.a
LOAD c:/st/stm32cubeide_1.12.1/stm32cubeide/plugins/com.st.stm32cube.ide.mcu.externaltools.gnu-tools-for-stm32.10.3-2021.10.win32_1.0.200.202301161003/tools/bin/../lib/gcc/arm-none-eabi/10.3.1/../../../../arm-none-eabi/lib/thumb/v7e-m+fp/hard\libc_nano.a
LOAD c:/st/stm32cubeide_1.12.1/stm32cubeide/plugins/com.st.stm32cube.ide.mcu.externaltools.gnu-tools-for-stm32.10.3-2021.10.win32_1.0.200.202301161003/tools/bin/../lib/gcc/arm-none-eabi/10.3.1/../../../../arm-none-eabi/lib/thumb/v7e-m+fp/hard\libnosys.a
END GROUP
LOAD c:/st/stm32cubeide_1.12.1/stm32cubeide/plugins/com.st.stm32cube.ide.mcu.externaltools.gnu-tools-for-stm32.10.3-2021.10.win32_1.0.200.202301161003/tools/bin/../lib/gcc/arm-none-eabi/10.3.1/thumb/v7e-m+fp/hard/crtend.o
LOAD c:/st/stm32cubeide_1.12.1/stm32cubeide/plugins/com.st.stm32cube.ide.mcu.externaltools.gnu-tools-for-stm32.10.3-2021.10.win32_1.0.200.202301161003/tools/bin/../lib/gcc/arm-none-eabi/10.3.1/thumb/v7e-m+fp/hard/crtn.o
                0x0000000020018000                _estack = (ORIGIN (RAM) + LENGTH (RAM))
                0x0000000000000200                _Min_Heap_Size = 0x200
                0x0000000000000400                _Min_Stack_Size = 0x400

.isr_vector     0x0000000008000000      0x194
                0x0000000008000000                . = ALIGN (0x4)
 *(.isr_vector)
 .isr_vector    0x0000000008000000      0x194 ./Core/Startup/startup_stm32f401retx.o
                0x0000000008000000                g_pfnVectors
                0x0000000008000194                . = ALIGN (0x4)

.text           0x00000000080001a0     0x6e30
                0x00000000080001a0                . = ALIGN (0x4)
 *(.text)
 .text          0x00000000080001a0       0x40 c:/st/stm32cubeide_1.12.1/stm32cubeide/plugins/com.st.stm32cube.ide.mcu.externaltools.gnu-tools-for-stm32.10.3-2021.10.win32_1.0.200.202301161003/tools/bin/../lib/gcc/arm-none-eabi/10.3.1/thumb/v7e-m+fp/hard/crtbegin.o
 .text          0x00000000080001e0       0x14 c:/st/stm32cubeide_1.12.1/stm32cubeide/plugins/com.st.stm32cube.ide.mcu.externaltools.gnu-tools-for-stm32.10.3-2021.10.win32_1.0.200.202301161003/tools/bin/../lib/gcc/arm-none-eabi/10.3.1/../../../../arm-none-eabi/lib/thumb/v7e-m+fp/hard\libc_nano.a(lib_a-strcmp.o)
                0x00000000080001e0                strcmp
 .text          0x00000000080001f4       0x10 c:/st/stm32cubeide_1.12.1/stm32cubeide/plugins/com.st.stm32cube.ide.mcu.externaltools.gnu-tools-for-stm32.10.3-2021.10.win32_1.0.200.202301161003/tools/bin/../lib/gcc/arm-none-eabi/10.3.1/../../../../arm-none-eabi/lib/thumb/v7e-m+fp/hard\libc_nano.a(lib_a-strlen.o)
                0x00000000080001f4                strlen
 .text          0x0000000008000204       0x30 c:/st/stm32cubeide_1.12.1/stm32cubeide/plugins/com.st.stm32cube.ide.mcu.externaltools.gnu-tools-for-stm32.10.3-2021.10.win32_1.0.200.202301161003/tools/bin/../lib/gcc/arm-none-eabi/10.3.1/thumb/v7e-m+fp/hard\libgcc.a(_aeabi_uldivmod.o)
                0x0000000008000204                __aeabi_uldivmod
 .text          0x0000000008000234      0x2d0 c:/st/stm32cubeide_1.12.1/stm32cubeide/plugins/com.st.stm32cube.ide.mcu.externaltools.gnu-tools-for-stm32.10.3-2021.10.win32_1.0.200.202301161003/tools/bin/../lib/gcc/arm-none-eabi/10.3.1/thumb/v7e-m+fp/hard\libgcc.a(_udivmoddi4.o)
                0x0000000008000234                __udivmoddi4
 .text          0x0000000008000504        0x4 c:/st/stm32cubeide_1.12.1/stm32cubeide/plugins/com.st.stm32cube.ide.mcu.externaltools.gnu-tools-for-stm32.10.3-2021.10.win32_1.0.200.202301161003/tools/bin/../lib/gcc/arm-none-eabi/10.3.1/thumb/v7e-m+fp/hard\libgcc.a(_dvmd_tls.o)
                0x0000000008000504                __aeabi_idiv0
                0x0000000008000504                __aeabi_ldiv0
 *(.text*)
 .text.stop_led_effect
                0x0000000008000508       0x40 ./Core/Src/led_effect.o
                0x0000000008000508                stop_led_effect
 .text.blink_led_in_pattern
                0x0000000008000548       0x38 ./Core/Src/led_effect.o
                0x0000000008000548                blink_led_in_pattern
 .text.turnoff_all_leds
                0x0000000008000580       0x38 ./Core/Src/led_effect.o
                0x0000000008000580                turnoff_all_leds
 .text.turnon_all_leds
                0x00000000080005b8       0x38 ./Core/Src/led_effect.o
                0x00000000080005b8                turnon_all_leds
 .text.turnon_odd_leds
                0x00000000080005f0       0x38 ./Core/Src/led_effect.o
                0x00000000080005f0                turnon_odd_leds
 .text.turnon_one_led
                0x0000000008000628       0x24 ./Core/Src/led_effect.o
                0x0000000008000628                turnon_one_led
 .text.blink_led_in_pattern1
                0x000000000800064c       0x24 ./Core/Src/led_effect.o
                0x000000000800064c                blink_led_in_pattern1
 .text.blink_led_in_pattern2
                0x0000000008000670       0x24 ./Core/Src/led_effect.o
                0x0000000008000670                blink_led_in_pattern2
 .text.blink_led_in_pattern3
                0x0000000008000694       0x68 ./Core/Src/led_effect.o
                0x0000000008000694                blink_led_in_pattern3
 .text.blink_led_in_pattern4
                0x00000000080006fc       0x6c ./Core/Src/led_effect.o
                0x00000000080006fc                blink_led_in_pattern4
 .text.main     0x0000000008000768      0x20c ./Core/Src/main.o
                0x0000000008000768                main
 .text.SystemClock_Config
                0x0000000008000974       0xdc ./Core/Src/main.o
                0x0000000008000974                SystemClock_Config
 .text.MX_RTC_Init
                0x0000000008000a50       0x4c ./Core/Src/main.o
 .text.MX_USART2_UART_Init
                0x0000000008000a9c       0x54 ./Core/Src/main.o
 .text.MX_GPIO_Init
                0x0000000008000af0      0x104 ./Core/Src/main.o
 .text.HAL_UART_RxCpltCallback
                0x0000000008000bf4       0x94 ./Core/Src/main.o
                0x0000000008000bf4                HAL_UART_RxCpltCallback
 .text.blink_led_in_pattern_callback
                0x0000000008000c88       0x50 ./Core/Src/main.o
                0x0000000008000c88                blink_led_in_pattern_callback
 .text.HAL_TIM_PeriodElapsedCallback
                0x0000000008000cd8       0x24 ./Core/Src/main.o
                0x0000000008000cd8                HAL_TIM_PeriodElapsedCallback
 .text.Error_Handler
                0x0000000008000cfc        0xa ./Core/Src/main.o
                0x0000000008000cfc                Error_Handler
 *fill*         0x0000000008000d06        0x2 
 .text.HAL_MspInit
                0x0000000008000d08       0x50 ./Core/Src/stm32f4xx_hal_msp.o
                0x0000000008000d08                HAL_MspInit
 .text.HAL_RTC_MspInit
                0x0000000008000d58       0x58 ./Core/Src/stm32f4xx_hal_msp.o
                0x0000000008000d58                HAL_RTC_MspInit
 .text.HAL_UART_MspInit
                0x0000000008000db0       0xa0 ./Core/Src/stm32f4xx_hal_msp.o
                0x0000000008000db0                HAL_UART_MspInit
 .text.HAL_InitTick
                0x0000000008000e50       0xf8 ./Core/Src/stm32f4xx_hal_timebase_tim.o
                0x0000000008000e50                HAL_InitTick
 .text.NMI_Handler
                0x0000000008000f48        0x6 ./Core/Src/stm32f4xx_it.o
                0x0000000008000f48                NMI_Handler
 .text.HardFault_Handler
                0x0000000008000f4e        0x6 ./Core/Src/stm32f4xx_it.o
                0x0000000008000f4e                HardFault_Handler
 .text.MemManage_Handler
                0x0000000008000f54        0x6 ./Core/Src/stm32f4xx_it.o
                0x0000000008000f54                MemManage_Handler
 .text.BusFault_Handler
                0x0000000008000f5a        0x6 ./Core/Src/stm32f4xx_it.o
                0x0000000008000f5a                BusFault_Handler
 .text.UsageFault_Handler
                0x0000000008000f60        0x6 ./Core/Src/stm32f4xx_it.o
                0x0000000008000f60                UsageFault_Handler
 .text.DebugMon_Handler
                0x0000000008000f66        0xe ./Core/Src/stm32f4xx_it.o
                0x0000000008000f66                DebugMon_Handler
 .text.USART2_IRQHandler
                0x0000000008000f74       0x14 ./Core/Src/stm32f4xx_it.o
                0x0000000008000f74                USART2_IRQHandler
 .text.TIM5_IRQHandler
                0x0000000008000f88       0x14 ./Core/Src/stm32f4xx_it.o
                0x0000000008000f88                TIM5_IRQHandler
 .text.SystemInit
                0x0000000008000f9c       0x24 ./Core/Src/system_stm32f4xx.o
                0x0000000008000f9c                SystemInit
 .text.menu_handler
                0x0000000008000fc0       0xe8 ./Core/Src/task_handler.o
                0x0000000008000fc0                menu_handler
 .text.cmd_handler
                0x00000000080010a8       0x34 ./Core/Src/task_handler.o
                0x00000000080010a8                cmd_handler
 .text.process_cmd
                0x00000000080010dc       0x78 ./Core/Src/task_handler.o
                0x00000000080010dc                process_cmd
 .text.extract_command
                0x0000000008001154       0x74 ./Core/Src/task_handler.o
                0x0000000008001154                extract_command
 .text.rtc_handler
                0x00000000080011c8       0x14 ./Core/Src/task_handler.o
                0x00000000080011c8                rtc_handler
 .text.led_handler
                0x00000000080011dc      0x12c ./Core/Src/task_handler.o
                0x00000000080011dc                led_handler
 .text.print_handler
                0x0000000008001308       0x40 ./Core/Src/task_handler.o
                0x0000000008001308                print_handler
 .text.Reset_Handler
                0x0000000008001348       0x50 ./Core/Startup/startup_stm32f401retx.o
                0x0000000008001348                Reset_Handler
 .text.Default_Handler
                0x0000000008001398        0x2 ./Core/Startup/startup_stm32f401retx.o
                0x0000000008001398                RTC_Alarm_IRQHandler
                0x0000000008001398                EXTI2_IRQHandler
                0x0000000008001398                SPI4_IRQHandler
                0x0000000008001398                TIM1_CC_IRQHandler
                0x0000000008001398                DMA2_Stream5_IRQHandler
                0x0000000008001398                DMA1_Stream5_IRQHandler
                0x0000000008001398                PVD_IRQHandler
                0x0000000008001398                SDIO_IRQHandler
                0x0000000008001398                TAMP_STAMP_IRQHandler
                0x0000000008001398                EXTI3_IRQHandler
                0x0000000008001398                TIM1_UP_TIM10_IRQHandler
                0x0000000008001398                I2C3_ER_IRQHandler
                0x0000000008001398                EXTI0_IRQHandler
                0x0000000008001398                I2C2_EV_IRQHandler
                0x0000000008001398                DMA1_Stream2_IRQHandler
                0x0000000008001398                FPU_IRQHandler
                0x0000000008001398                DMA2_Stream2_IRQHandler
                0x0000000008001398                SPI1_IRQHandler
                0x0000000008001398                TIM1_BRK_TIM9_IRQHandler
                0x0000000008001398                DMA2_Stream3_IRQHandler
                0x0000000008001398                USART6_IRQHandler
                0x0000000008001398                DMA2_Stream0_IRQHandler
                0x0000000008001398                TIM4_IRQHandler
                0x0000000008001398                I2C1_EV_IRQHandler
                0x0000000008001398                DMA1_Stream6_IRQHandler
                0x0000000008001398                DMA1_Stream1_IRQHandler
                0x0000000008001398                TIM3_IRQHandler
                0x0000000008001398                RCC_IRQHandler
                0x0000000008001398                Default_Handler
                0x0000000008001398                EXTI15_10_IRQHandler
                0x0000000008001398                ADC_IRQHandler
                0x0000000008001398                DMA1_Stream7_IRQHandler
                0x0000000008001398                DMA2_Stream7_IRQHandler
                0x0000000008001398                I2C3_EV_IRQHandler
                0x0000000008001398                EXTI9_5_IRQHandler
                0x0000000008001398                RTC_WKUP_IRQHandler
                0x0000000008001398                SPI2_IRQHandler
                0x0000000008001398                DMA1_Stream0_IRQHandler
                0x0000000008001398                EXTI4_IRQHandler
                0x0000000008001398                WWDG_IRQHandler
                0x0000000008001398                TIM2_IRQHandler
                0x0000000008001398                OTG_FS_WKUP_IRQHandler
                0x0000000008001398                TIM1_TRG_COM_TIM11_IRQHandler
                0x0000000008001398                EXTI1_IRQHandler
                0x0000000008001398                I2C2_ER_IRQHandler
                0x0000000008001398                DMA2_Stream1_IRQHandler
                0x0000000008001398                FLASH_IRQHandler
                0x0000000008001398                DMA2_Stream4_IRQHandler
                0x0000000008001398                USART1_IRQHandler
                0x0000000008001398                OTG_FS_IRQHandler
                0x0000000008001398                SPI3_IRQHandler
                0x0000000008001398                DMA1_Stream4_IRQHandler
                0x0000000008001398                I2C1_ER_IRQHandler
                0x0000000008001398                DMA2_Stream6_IRQHandler
                0x0000000008001398                DMA1_Stream3_IRQHandler
 *fill*         0x000000000800139a        0x2 
 .text.HAL_Init
                0x000000000800139c       0x44 ./Drivers/STM32F4xx_HAL_Driver/Src/stm32f4xx_hal.o
                0x000000000800139c                HAL_Init
 .text.HAL_IncTick
                0x00000000080013e0       0x28 ./Drivers/STM32F4xx_HAL_Driver/Src/stm32f4xx_hal.o
                0x00000000080013e0                HAL_IncTick
 .text.HAL_GetTick
                0x0000000008001408       0x18 ./Drivers/STM32F4xx_HAL_Driver/Src/stm32f4xx_hal.o
                0x0000000008001408                HAL_GetTick
 .text.__NVIC_SetPriorityGrouping
                0x0000000008001420       0x48 ./Drivers/STM32F4xx_HAL_Driver/Src/stm32f4xx_hal_cortex.o
 .text.__NVIC_GetPriorityGrouping
                0x0000000008001468       0x1c ./Drivers/STM32F4xx_HAL_Driver/Src/stm32f4xx_hal_cortex.o
 .text.__NVIC_EnableIRQ
                0x0000000008001484       0x3c ./Drivers/STM32F4xx_HAL_Driver/Src/stm32f4xx_hal_cortex.o
 .text.__NVIC_SetPriority
                0x00000000080014c0       0x54 ./Drivers/STM32F4xx_HAL_Driver/Src/stm32f4xx_hal_cortex.o
 .text.NVIC_EncodePriority
                0x0000000008001514       0x66 ./Drivers/STM32F4xx_HAL_Driver/Src/stm32f4xx_hal_cortex.o
 .text.HAL_NVIC_SetPriorityGrouping
                0x000000000800157a       0x16 ./Drivers/STM32F4xx_HAL_Driver/Src/stm32f4xx_hal_cortex.o
                0x000000000800157a                HAL_NVIC_SetPriorityGrouping
 .text.HAL_NVIC_SetPriority
                0x0000000008001590       0x38 ./Drivers/STM32F4xx_HAL_Driver/Src/stm32f4xx_hal_cortex.o
                0x0000000008001590                HAL_NVIC_SetPriority
 .text.HAL_NVIC_EnableIRQ
                0x00000000080015c8       0x1c ./Drivers/STM32F4xx_HAL_Driver/Src/stm32f4xx_hal_cortex.o
                0x00000000080015c8                HAL_NVIC_EnableIRQ
 .text.HAL_DMA_Abort
                0x00000000080015e4       0xe0 ./Drivers/STM32F4xx_HAL_Driver/Src/stm32f4xx_hal_dma.o
                0x00000000080015e4                HAL_DMA_Abort
 .text.HAL_DMA_Abort_IT
                0x00000000080016c4       0x44 ./Drivers/STM32F4xx_HAL_Driver/Src/stm32f4xx_hal_dma.o
                0x00000000080016c4                HAL_DMA_Abort_IT
 .text.HAL_GPIO_Init
                0x0000000008001708      0x308 ./Drivers/STM32F4xx_HAL_Driver/Src/stm32f4xx_hal_gpio.o
                0x0000000008001708                HAL_GPIO_Init
 .text.HAL_GPIO_WritePin
                0x0000000008001a10       0x32 ./Drivers/STM32F4xx_HAL_Driver/Src/stm32f4xx_hal_gpio.o
                0x0000000008001a10                HAL_GPIO_WritePin
 *fill*         0x0000000008001a42        0x2 
 .text.HAL_RCC_OscConfig
                0x0000000008001a44      0x4f0 ./Drivers/STM32F4xx_HAL_Driver/Src/stm32f4xx_hal_rcc.o
                0x0000000008001a44                HAL_RCC_OscConfig
 .text.HAL_RCC_ClockConfig
                0x0000000008001f34      0x1cc ./Drivers/STM32F4xx_HAL_Driver/Src/stm32f4xx_hal_rcc.o
                0x0000000008001f34                HAL_RCC_ClockConfig
 .text.HAL_RCC_GetSysClockFreq
                0x0000000008002100      0x20c ./Drivers/STM32F4xx_HAL_Driver/Src/stm32f4xx_hal_rcc.o
                0x0000000008002100                HAL_RCC_GetSysClockFreq
 .text.HAL_RCC_GetHCLKFreq
                0x000000000800230c       0x18 ./Drivers/STM32F4xx_HAL_Driver/Src/stm32f4xx_hal_rcc.o
                0x000000000800230c                HAL_RCC_GetHCLKFreq
 .text.HAL_RCC_GetPCLK1Freq
                0x0000000008002324       0x28 ./Drivers/STM32F4xx_HAL_Driver/Src/stm32f4xx_hal_rcc.o
                0x0000000008002324                HAL_RCC_GetPCLK1Freq
 .text.HAL_RCC_GetPCLK2Freq
                0x000000000800234c       0x28 ./Drivers/STM32F4xx_HAL_Driver/Src/stm32f4xx_hal_rcc.o
                0x000000000800234c                HAL_RCC_GetPCLK2Freq
 .text.HAL_RCC_GetClockConfig
                0x0000000008002374       0x64 ./Drivers/STM32F4xx_HAL_Driver/Src/stm32f4xx_hal_rcc.o
                0x0000000008002374                HAL_RCC_GetClockConfig
 .text.HAL_RCCEx_PeriphCLKConfig
                0x00000000080023d8      0x1dc ./Drivers/STM32F4xx_HAL_Driver/Src/stm32f4xx_hal_rcc_ex.o
                0x00000000080023d8                HAL_RCCEx_PeriphCLKConfig
 .text.HAL_RTC_Init
                0x00000000080025b4       0xec ./Drivers/STM32F4xx_HAL_Driver/Src/stm32f4xx_hal_rtc.o
                0x00000000080025b4                HAL_RTC_Init
 .text.HAL_RTC_WaitForSynchro
                0x00000000080026a0       0x50 ./Drivers/STM32F4xx_HAL_Driver/Src/stm32f4xx_hal_rtc.o
                0x00000000080026a0                HAL_RTC_WaitForSynchro
 .text.RTC_EnterInitMode
                0x00000000080026f0       0x6e ./Drivers/STM32F4xx_HAL_Driver/Src/stm32f4xx_hal_rtc.o
                0x00000000080026f0                RTC_EnterInitMode
 .text.RTC_ExitInitMode
                0x000000000800275e       0x4a ./Drivers/STM32F4xx_HAL_Driver/Src/stm32f4xx_hal_rtc.o
                0x000000000800275e                RTC_ExitInitMode
 .text.HAL_TIM_Base_Init
                0x00000000080027a8       0x9e ./Drivers/STM32F4xx_HAL_Driver/Src/stm32f4xx_hal_tim.o
                0x00000000080027a8                HAL_TIM_Base_Init
 .text.HAL_TIM_Base_MspInit
                0x0000000008002846       0x14 ./Drivers/STM32F4xx_HAL_Driver/Src/stm32f4xx_hal_tim.o
                0x0000000008002846                HAL_TIM_Base_MspInit
 *fill*         0x000000000800285a        0x2 
 .text.HAL_TIM_Base_Start_IT
                0x000000000800285c       0xc4 ./Drivers/STM32F4xx_HAL_Driver/Src/stm32f4xx_hal_tim.o
                0x000000000800285c                HAL_TIM_Base_Start_IT
 .text.HAL_TIM_IRQHandler
                0x0000000008002920      0x210 ./Drivers/STM32F4xx_HAL_Driver/Src/stm32f4xx_hal_tim.o
                0x0000000008002920                HAL_TIM_IRQHandler
 .text.HAL_TIM_OC_DelayElapsedCallback
                0x0000000008002b30       0x14 ./Drivers/STM32F4xx_HAL_Driver/Src/stm32f4xx_hal_tim.o
                0x0000000008002b30                HAL_TIM_OC_DelayElapsedCallback
 .text.HAL_TIM_IC_CaptureCallback
                0x0000000008002b44       0x14 ./Drivers/STM32F4xx_HAL_Driver/Src/stm32f4xx_hal_tim.o
                0x0000000008002b44                HAL_TIM_IC_CaptureCallback
 .text.HAL_TIM_PWM_PulseFinishedCallback
                0x0000000008002b58       0x14 ./Drivers/STM32F4xx_HAL_Driver/Src/stm32f4xx_hal_tim.o
                0x0000000008002b58                HAL_TIM_PWM_PulseFinishedCallback
 .text.HAL_TIM_TriggerCallback
                0x0000000008002b6c       0x14 ./Drivers/STM32F4xx_HAL_Driver/Src/stm32f4xx_hal_tim.o
                0x0000000008002b6c                HAL_TIM_TriggerCallback
 .text.TIM_Base_SetConfig
                0x0000000008002b80      0x100 ./Drivers/STM32F4xx_HAL_Driver/Src/stm32f4xx_hal_tim.o
                0x0000000008002b80                TIM_Base_SetConfig
 .text.HAL_TIMEx_CommutCallback
                0x0000000008002c80       0x14 ./Drivers/STM32F4xx_HAL_Driver/Src/stm32f4xx_hal_tim_ex.o
                0x0000000008002c80                HAL_TIMEx_CommutCallback
 .text.HAL_TIMEx_BreakCallback
                0x0000000008002c94       0x14 ./Drivers/STM32F4xx_HAL_Driver/Src/stm32f4xx_hal_tim_ex.o
                0x0000000008002c94                HAL_TIMEx_BreakCallback
 .text.HAL_UART_Init
                0x0000000008002ca8       0x9a ./Drivers/STM32F4xx_HAL_Driver/Src/stm32f4xx_hal_uart.o
                0x0000000008002ca8                HAL_UART_Init
 .text.HAL_UART_Transmit
                0x0000000008002d42      0x124 ./Drivers/STM32F4xx_HAL_Driver/Src/stm32f4xx_hal_uart.o
                0x0000000008002d42                HAL_UART_Transmit
 .text.HAL_UART_Receive_IT
                0x0000000008002e66       0x60 ./Drivers/STM32F4xx_HAL_Driver/Src/stm32f4xx_hal_uart.o
                0x0000000008002e66                HAL_UART_Receive_IT
 *fill*         0x0000000008002ec6        0x2 
 .text.HAL_UART_IRQHandler
                0x0000000008002ec8      0x51c ./Drivers/STM32F4xx_HAL_Driver/Src/stm32f4xx_hal_uart.o
                0x0000000008002ec8                HAL_UART_IRQHandler
 .text.HAL_UART_TxCpltCallback
                0x00000000080033e4       0x14 ./Drivers/STM32F4xx_HAL_Driver/Src/stm32f4xx_hal_uart.o
                0x00000000080033e4                HAL_UART_TxCpltCallback
 .text.HAL_UART_ErrorCallback
                0x00000000080033f8       0x14 ./Drivers/STM32F4xx_HAL_Driver/Src/stm32f4xx_hal_uart.o
                0x00000000080033f8                HAL_UART_ErrorCallback
 .text.HAL_UARTEx_RxEventCallback
                0x000000000800340c       0x18 ./Drivers/STM32F4xx_HAL_Driver/Src/stm32f4xx_hal_uart.o
                0x000000000800340c                HAL_UARTEx_RxEventCallback
 .text.UART_WaitOnFlagUntilTimeout
                0x0000000008003424       0xdc ./Drivers/STM32F4xx_HAL_Driver/Src/stm32f4xx_hal_uart.o
 .text.UART_Start_Receive_IT
                0x0000000008003500       0x7c ./Drivers/STM32F4xx_HAL_Driver/Src/stm32f4xx_hal_uart.o
                0x0000000008003500                UART_Start_Receive_IT
 .text.UART_EndRxTransfer
                0x000000000800357c       0xc6 ./Drivers/STM32F4xx_HAL_Driver/Src/stm32f4xx_hal_uart.o
 .text.UART_DMAAbortOnError
                0x0000000008003642       0x28 ./Drivers/STM32F4xx_HAL_Driver/Src/stm32f4xx_hal_uart.o
 .text.UART_Transmit_IT
                0x000000000800366a       0xa0 ./Drivers/STM32F4xx_HAL_Driver/Src/stm32f4xx_hal_uart.o
 .text.UART_EndTransmit_IT
                0x000000000800370a       0x30 ./Drivers/STM32F4xx_HAL_Driver/Src/stm32f4xx_hal_uart.o
 .text.UART_Receive_IT
                0x000000000800373a      0x176 ./Drivers/STM32F4xx_HAL_Driver/Src/stm32f4xx_hal_uart.o
 .text.UART_SetConfig
                0x00000000080038b0      0x4e8 ./Drivers/STM32F4xx_HAL_Driver/Src/stm32f4xx_hal_uart.o
 .text.vListInitialise
                0x0000000008003d98       0x40 ./common/ThirdParty/FreeRTOS/list.o
                0x0000000008003d98                vListInitialise
 .text.vListInitialiseItem
                0x0000000008003dd8       0x1a ./common/ThirdParty/FreeRTOS/list.o
                0x0000000008003dd8                vListInitialiseItem
 .text.vListInsert
                0x0000000008003df2       0x72 ./common/ThirdParty/FreeRTOS/list.o
                0x0000000008003df2                vListInsert
 .text.uxListRemove
                0x0000000008003e64       0x54 ./common/ThirdParty/FreeRTOS/list.o
                0x0000000008003e64                uxListRemove
 .text.xQueueGenericReset
                0x0000000008003eb8      0x120 ./common/ThirdParty/FreeRTOS/queue.o
                0x0000000008003eb8                xQueueGenericReset
 .text.xQueueGenericCreate
                0x0000000008003fd8       0x9c ./common/ThirdParty/FreeRTOS/queue.o
                0x0000000008003fd8                xQueueGenericCreate
 .text.prvInitialiseNewQueue
                0x0000000008004074       0x46 ./common/ThirdParty/FreeRTOS/queue.o
 *fill*         0x00000000080040ba        0x2 
 .text.xQueueGenericSend
                0x00000000080040bc      0x1fc ./common/ThirdParty/FreeRTOS/queue.o
                0x00000000080040bc                xQueueGenericSend
 .text.xQueueGenericSendFromISR
                0x00000000080042b8      0x164 ./common/ThirdParty/FreeRTOS/queue.o
                0x00000000080042b8                xQueueGenericSendFromISR
 .text.xQueueReceive
                0x000000000800441c      0x1c0 ./common/ThirdParty/FreeRTOS/queue.o
                0x000000000800441c                xQueueReceive
 .text.xQueueReceiveFromISR
                0x00000000080045dc      0x12e ./common/ThirdParty/FreeRTOS/queue.o
                0x00000000080045dc                xQueueReceiveFromISR
 .text.uxQueueMessagesWaiting
                0x000000000800470a       0x3c ./common/ThirdParty/FreeRTOS/queue.o
                0x000000000800470a                uxQueueMessagesWaiting
 .text.prvCopyDataToQueue
                0x0000000008004746       0xb8 ./common/ThirdParty/FreeRTOS/queue.o
 .text.prvCopyDataFromQueue
                0x00000000080047fe       0x4c ./common/ThirdParty/FreeRTOS/queue.o
 .text.prvUnlockQueue
                0x000000000800484a       0xa4 ./common/ThirdParty/FreeRTOS/queue.o
 .text.prvIsQueueEmpty
                0x00000000080048ee       0x2c ./common/ThirdParty/FreeRTOS/queue.o
 .text.prvIsQueueFull
                0x000000000800491a       0x30 ./common/ThirdParty/FreeRTOS/queue.o
 .text.xQueueIsQueueFullFromISR
                0x000000000800494a       0x4c ./common/ThirdParty/FreeRTOS/queue.o
                0x000000000800494a                xQueueIsQueueFullFromISR
 *fill*         0x0000000008004996        0x2 
 .text.vQueueAddToRegistry
                0x0000000008004998       0x9c ./common/ThirdParty/FreeRTOS/queue.o
                0x0000000008004998                vQueueAddToRegistry
 .text.vQueueWaitForMessageRestricted
                0x0000000008004a34       0x68 ./common/ThirdParty/FreeRTOS/queue.o
                0x0000000008004a34                vQueueWaitForMessageRestricted
 .text.xTaskCreate
                0x0000000008004a9c       0x8c ./common/ThirdParty/FreeRTOS/tasks.o
                0x0000000008004a9c                xTaskCreate
 .text.prvInitialiseNewTask
                0x0000000008004b28      0x116 ./common/ThirdParty/FreeRTOS/tasks.o
 *fill*         0x0000000008004c3e        0x2 
 .text.prvAddNewTaskToReadyList
                0x0000000008004c40      0x12c ./common/ThirdParty/FreeRTOS/tasks.o
 .text.vTaskStartScheduler
                0x0000000008004d6c       0xa4 ./common/ThirdParty/FreeRTOS/tasks.o
                0x0000000008004d6c                vTaskStartScheduler
 .text.vTaskSuspendAll
                0x0000000008004e10       0x1c ./common/ThirdParty/FreeRTOS/tasks.o
                0x0000000008004e10                vTaskSuspendAll
 .text.xTaskResumeAll
                0x0000000008004e2c      0x1f8 ./common/ThirdParty/FreeRTOS/tasks.o
                0x0000000008004e2c                xTaskResumeAll
 .text.xTaskGetTickCount
                0x0000000008005024       0x20 ./common/ThirdParty/FreeRTOS/tasks.o
                0x0000000008005024                xTaskGetTickCount
 .text.uxTaskGetNumberOfTasks
                0x0000000008005044       0x18 ./common/ThirdParty/FreeRTOS/tasks.o
                0x0000000008005044                uxTaskGetNumberOfTasks
 .text.xTaskIncrementTick
                0x000000000800505c      0x22c ./common/ThirdParty/FreeRTOS/tasks.o
                0x000000000800505c                xTaskIncrementTick
 .text.vTaskSwitchContext
                0x0000000008005288       0xb8 ./common/ThirdParty/FreeRTOS/tasks.o
                0x0000000008005288                vTaskSwitchContext
 .text.vTaskPlaceOnEventList
                0x0000000008005340       0x48 ./common/ThirdParty/FreeRTOS/tasks.o
                0x0000000008005340                vTaskPlaceOnEventList
 .text.vTaskPlaceOnEventListRestricted
                0x0000000008005388       0x8c ./common/ThirdParty/FreeRTOS/tasks.o
                0x0000000008005388                vTaskPlaceOnEventListRestricted
 .text.xTaskRemoveFromEventList
                0x0000000008005414      0x1ac ./common/ThirdParty/FreeRTOS/tasks.o
                0x0000000008005414                xTaskRemoveFromEventList
 .text.vTaskInternalSetTimeOutState
                0x00000000080055c0       0x2c ./common/ThirdParty/FreeRTOS/tasks.o
                0x00000000080055c0                vTaskInternalSetTimeOutState
 .text.xTaskCheckForTimeOut
                0x00000000080055ec       0xcc ./common/ThirdParty/FreeRTOS/tasks.o
                0x00000000080055ec                xTaskCheckForTimeOut
 .text.vTaskMissedYield
                0x00000000080056b8       0x18 ./common/ThirdParty/FreeRTOS/tasks.o
                0x00000000080056b8                vTaskMissedYield
 .text.prvIdleTask
                0x00000000080056d0       0x30 ./common/ThirdParty/FreeRTOS/tasks.o
 .text.prvInitialiseTaskLists
                0x0000000008005700       0x80 ./common/ThirdParty/FreeRTOS/tasks.o
 .text.prvCheckTasksWaitingTermination
                0x0000000008005780       0x5c ./common/ThirdParty/FreeRTOS/tasks.o
 .text.prvDeleteTCB
                0x00000000080057dc       0x20 ./common/ThirdParty/FreeRTOS/tasks.o
 .text.prvResetNextTaskUnblockTime
                0x00000000080057fc       0x38 ./common/ThirdParty/FreeRTOS/tasks.o
 .text.xTaskGetSchedulerState
                0x0000000008005834       0x3c ./common/ThirdParty/FreeRTOS/tasks.o
                0x0000000008005834                xTaskGetSchedulerState
 .text.xTaskGenericNotifyWait
                0x0000000008005870      0x100 ./common/ThirdParty/FreeRTOS/tasks.o
                0x0000000008005870                xTaskGenericNotifyWait
 .text.xTaskGenericNotify
                0x0000000008005970      0x244 ./common/ThirdParty/FreeRTOS/tasks.o
                0x0000000008005970                xTaskGenericNotify
 .text.xTaskGenericNotifyFromISR
                0x0000000008005bb4      0x2b8 ./common/ThirdParty/FreeRTOS/tasks.o
                0x0000000008005bb4                xTaskGenericNotifyFromISR
 .text.prvAddCurrentTaskToDelayedList
                0x0000000008005e6c      0x100 ./common/ThirdParty/FreeRTOS/tasks.o
 .text.xTimerCreateTimerTask
                0x0000000008005f6c       0x64 ./common/ThirdParty/FreeRTOS/timers.o
                0x0000000008005f6c                xTimerCreateTimerTask
 .text.xTimerCreate
                0x0000000008005fd0       0x42 ./common/ThirdParty/FreeRTOS/timers.o
                0x0000000008005fd0                xTimerCreate
 .text.prvInitialiseNewTimer
                0x0000000008006012       0x70 ./common/ThirdParty/FreeRTOS/timers.o
 *fill*         0x0000000008006082        0x2 
 .text.xTimerGenericCommand
                0x0000000008006084       0x9c ./common/ThirdParty/FreeRTOS/timers.o
                0x0000000008006084                xTimerGenericCommand
 .text.prvReloadTimer
                0x0000000008006120       0x42 ./common/ThirdParty/FreeRTOS/timers.o
 *fill*         0x0000000008006162        0x2 
 .text.prvProcessExpiredTimer
                0x0000000008006164       0x60 ./common/ThirdParty/FreeRTOS/timers.o
 .text.prvTimerTask
                0x00000000080061c4       0x24 ./common/ThirdParty/FreeRTOS/timers.o
 .text.prvProcessTimerOrBlockTask
                0x00000000080061e8       0x9c ./common/ThirdParty/FreeRTOS/timers.o
 .text.prvGetNextExpireTime
                0x0000000008006284       0x48 ./common/ThirdParty/FreeRTOS/timers.o
 .text.prvSampleTimeNow
                0x00000000080062cc       0x40 ./common/ThirdParty/FreeRTOS/timers.o
 .text.prvInsertTimerInActiveList
                0x000000000800630c       0x84 ./common/ThirdParty/FreeRTOS/timers.o
 .text.prvProcessReceivedCommands
                0x0000000008006390      0x17c ./common/ThirdParty/FreeRTOS/timers.o
 .text.prvSwitchTimerLists
                0x000000000800650c       0x4c ./common/ThirdParty/FreeRTOS/timers.o
 .text.prvCheckForValidListAndQueue
                0x0000000008006558       0x6c ./common/ThirdParty/FreeRTOS/timers.o
 .text.pvTimerGetTimerID
                0x00000000080065c4       0x40 ./common/ThirdParty/FreeRTOS/timers.o
                0x00000000080065c4                pvTimerGetTimerID
 .text.pxPortInitialiseStack
                0x0000000008006604       0x68 ./common/ThirdParty/FreeRTOS/portable/GCC/ARM_CM4F/port.o
                0x0000000008006604                pxPortInitialiseStack
 .text.prvTaskExitError
                0x000000000800666c       0x58 ./common/ThirdParty/FreeRTOS/portable/GCC/ARM_CM4F/port.o
 *fill*         0x00000000080066c4        0xc 
 .text.SVC_Handler
                0x00000000080066d0       0x28 ./common/ThirdParty/FreeRTOS/portable/GCC/ARM_CM4F/port.o
                0x00000000080066d0                SVC_Handler
 .text.prvPortStartFirstTask
                0x00000000080066f8       0x2c ./common/ThirdParty/FreeRTOS/portable/GCC/ARM_CM4F/port.o
 .text.xPortStartScheduler
                0x0000000008006724      0x144 ./common/ThirdParty/FreeRTOS/portable/GCC/ARM_CM4F/port.o
                0x0000000008006724                xPortStartScheduler
 .text.vInitPrioGroupValue
                0x0000000008006868       0xfc ./common/ThirdParty/FreeRTOS/portable/GCC/ARM_CM4F/port.o
                0x0000000008006868                vInitPrioGroupValue
 .text.vPortEnterCritical
                0x0000000008006964       0x60 ./common/ThirdParty/FreeRTOS/portable/GCC/ARM_CM4F/port.o
                0x0000000008006964                vPortEnterCritical
 .text.vPortExitCritical
                0x00000000080069c4       0x54 ./common/ThirdParty/FreeRTOS/portable/GCC/ARM_CM4F/port.o
                0x00000000080069c4                vPortExitCritical
 *fill*         0x0000000008006a18        0x8 
 .text.PendSV_Handler
                0x0000000008006a20       0x68 ./common/ThirdParty/FreeRTOS/portable/GCC/ARM_CM4F/port.o
                0x0000000008006a20                PendSV_Handler
 .text.SysTick_Handler
                0x0000000008006a88       0x44 ./common/ThirdParty/FreeRTOS/portable/GCC/ARM_CM4F/port.o
                0x0000000008006a88                SysTick_Handler
 .text.vPortSetupTimerInterrupt
                0x0000000008006acc       0x48 ./common/ThirdParty/FreeRTOS/portable/GCC/ARM_CM4F/port.o
                0x0000000008006acc                vPortSetupTimerInterrupt
 .text.vPortEnableVFP
                0x0000000008006b14       0x18 ./common/ThirdParty/FreeRTOS/portable/GCC/ARM_CM4F/port.o
 .text.vPortValidateInterruptPriority
                0x0000000008006b2c       0x80 ./common/ThirdParty/FreeRTOS/portable/GCC/ARM_CM4F/port.o
                0x0000000008006b2c                vPortValidateInterruptPriority
 .text.pvPortMalloc
                0x0000000008006bac      0x174 ./common/ThirdParty/FreeRTOS/portable/MemMang/heap_4.o
                0x0000000008006bac                pvPortMalloc
 .text.vPortFree
                0x0000000008006d20       0xb8 ./common/ThirdParty/FreeRTOS/portable/MemMang/heap_4.o
                0x0000000008006d20                vPortFree
 .text.prvHeapInit
                0x0000000008006dd8       0xb8 ./common/ThirdParty/FreeRTOS/portable/MemMang/heap_4.o
 .text.prvInsertBlockIntoFreeList
                0x0000000008006e90       0xb4 ./common/ThirdParty/FreeRTOS/portable/MemMang/heap_4.o
 .text.__libc_init_array
                0x0000000008006f44       0x48 c:/st/stm32cubeide_1.12.1/stm32cubeide/plugins/com.st.stm32cube.ide.mcu.externaltools.gnu-tools-for-stm32.10.3-2021.10.win32_1.0.200.202301161003/tools/bin/../lib/gcc/arm-none-eabi/10.3.1/../../../../arm-none-eabi/lib/thumb/v7e-m+fp/hard\libc_nano.a(lib_a-init.o)
                0x0000000008006f44                __libc_init_array
 .text.memcpy   0x0000000008006f8c       0x1c c:/st/stm32cubeide_1.12.1/stm32cubeide/plugins/com.st.stm32cube.ide.mcu.externaltools.gnu-tools-for-stm32.10.3-2021.10.win32_1.0.200.202301161003/tools/bin/../lib/gcc/arm-none-eabi/10.3.1/../../../../arm-none-eabi/lib/thumb/v7e-m+fp/hard\libc_nano.a(lib_a-memcpy-stub.o)
                0x0000000008006f8c                memcpy
 .text.memset   0x0000000008006fa8       0x10 c:/st/stm32cubeide_1.12.1/stm32cubeide/plugins/com.st.stm32cube.ide.mcu.externaltools.gnu-tools-for-stm32.10.3-2021.10.win32_1.0.200.202301161003/tools/bin/../lib/gcc/arm-none-eabi/10.3.1/../../../../arm-none-eabi/lib/thumb/v7e-m+fp/hard\libc_nano.a(lib_a-memset.o)
                0x0000000008006fa8                memset
 *(.glue_7)
 .glue_7        0x0000000008006fb8        0x0 linker stubs
 *(.glue_7t)
 .glue_7t       0x0000000008006fb8        0x0 linker stubs
 *(.eh_frame)
 .eh_frame      0x0000000008006fb8        0x0 c:/st/stm32cubeide_1.12.1/stm32cubeide/plugins/com.st.stm32cube.ide.mcu.externaltools.gnu-tools-for-stm32.10.3-2021.10.win32_1.0.200.202301161003/tools/bin/../lib/gcc/arm-none-eabi/10.3.1/thumb/v7e-m+fp/hard/crtbegin.o
 *(.init)
 .init          0x0000000008006fb8        0x4 c:/st/stm32cubeide_1.12.1/stm32cubeide/plugins/com.st.stm32cube.ide.mcu.externaltools.gnu-tools-for-stm32.10.3-2021.10.win32_1.0.200.202301161003/tools/bin/../lib/gcc/arm-none-eabi/10.3.1/thumb/v7e-m+fp/hard/crti.o
                0x0000000008006fb8                _init
 .init          0x0000000008006fbc        0x8 c:/st/stm32cubeide_1.12.1/stm32cubeide/plugins/com.st.stm32cube.ide.mcu.externaltools.gnu-tools-for-stm32.10.3-2021.10.win32_1.0.200.202301161003/tools/bin/../lib/gcc/arm-none-eabi/10.3.1/thumb/v7e-m+fp/hard/crtn.o
 *(.fini)
 .fini          0x0000000008006fc4        0x4 c:/st/stm32cubeide_1.12.1/stm32cubeide/plugins/com.st.stm32cube.ide.mcu.externaltools.gnu-tools-for-stm32.10.3-2021.10.win32_1.0.200.202301161003/tools/bin/../lib/gcc/arm-none-eabi/10.3.1/thumb/v7e-m+fp/hard/crti.o
                0x0000000008006fc4                _fini
 .fini          0x0000000008006fc8        0x8 c:/st/stm32cubeide_1.12.1/stm32cubeide/plugins/com.st.stm32cube.ide.mcu.externaltools.gnu-tools-for-stm32.10.3-2021.10.win32_1.0.200.202301161003/tools/bin/../lib/gcc/arm-none-eabi/10.3.1/thumb/v7e-m+fp/hard/crtn.o
                0x0000000008006fd0                . = ALIGN (0x4)
                0x0000000008006fd0                _etext = .

.vfp11_veneer   0x0000000008006fd0        0x0
 .vfp11_veneer  0x0000000008006fd0        0x0 linker stubs

.v4_bx          0x0000000008006fd0        0x0
 .v4_bx         0x0000000008006fd0        0x0 linker stubs

.iplt           0x0000000008006fd0        0x0
 .iplt          0x0000000008006fd0        0x0 c:/st/stm32cubeide_1.12.1/stm32cubeide/plugins/com.st.stm32cube.ide.mcu.externaltools.gnu-tools-for-stm32.10.3-2021.10.win32_1.0.200.202301161003/tools/bin/../lib/gcc/arm-none-eabi/10.3.1/thumb/v7e-m+fp/hard/crtbegin.o

.rodata         0x0000000008006fd0      0x258
                0x0000000008006fd0                . = ALIGN (0x4)
 *(.rodata)
 .rodata        0x0000000008006fd0       0x18 ./Core/Src/led_effect.o
 .rodata        0x0000000008006fe8       0x46 ./Core/Src/main.o
 *fill*         0x000000000800702e        0x2 
 .rodata        0x0000000008007030      0x1c7 ./Core/Src/task_handler.o
 *fill*         0x00000000080071f7        0x1 
 .rodata        0x00000000080071f8        0x5 ./common/ThirdParty/FreeRTOS/tasks.o
 *fill*         0x00000000080071fd        0x3 
 .rodata        0x0000000008007200        0xd ./common/ThirdParty/FreeRTOS/timers.o
 *(.rodata*)
 *fill*         0x000000000800720d        0x3 
 .rodata.AHBPrescTable
                0x0000000008007210       0x10 ./Core/Src/system_stm32f4xx.o
                0x0000000008007210                AHBPrescTable
 .rodata.APBPrescTable
                0x0000000008007220        0x8 ./Core/Src/system_stm32f4xx.o
                0x0000000008007220                APBPrescTable
                0x0000000008007228                . = ALIGN (0x4)

.ARM.extab      0x0000000008007228        0x0
                0x0000000008007228                . = ALIGN (0x4)
 *(.ARM.extab* .gnu.linkonce.armextab.*)
                0x0000000008007228                . = ALIGN (0x4)

.ARM            0x0000000008007228        0x8
                0x0000000008007228                . = ALIGN (0x4)
                0x0000000008007228                __exidx_start = .
 *(.ARM.exidx*)
 .ARM.exidx     0x0000000008007228        0x8 c:/st/stm32cubeide_1.12.1/stm32cubeide/plugins/com.st.stm32cube.ide.mcu.externaltools.gnu-tools-for-stm32.10.3-2021.10.win32_1.0.200.202301161003/tools/bin/../lib/gcc/arm-none-eabi/10.3.1/thumb/v7e-m+fp/hard\libgcc.a(_udivmoddi4.o)
                0x0000000008007230                __exidx_end = .
                0x0000000008007230                . = ALIGN (0x4)

.rel.dyn        0x0000000008007230        0x0
 .rel.iplt      0x0000000008007230        0x0 c:/st/stm32cubeide_1.12.1/stm32cubeide/plugins/com.st.stm32cube.ide.mcu.externaltools.gnu-tools-for-stm32.10.3-2021.10.win32_1.0.200.202301161003/tools/bin/../lib/gcc/arm-none-eabi/10.3.1/thumb/v7e-m+fp/hard/crtbegin.o

.preinit_array  0x0000000008007230        0x0
                0x0000000008007230                . = ALIGN (0x4)
                0x0000000008007230                PROVIDE (__preinit_array_start = .)
 *(.preinit_array*)
                0x0000000008007230                PROVIDE (__preinit_array_end = .)
                0x0000000008007230                . = ALIGN (0x4)

.init_array     0x0000000008007230        0x4
                0x0000000008007230                . = ALIGN (0x4)
                0x0000000008007230                PROVIDE (__init_array_start = .)
 *(SORT_BY_NAME(.init_array.*))
 *(.init_array*)
 .init_array    0x0000000008007230        0x4 c:/st/stm32cubeide_1.12.1/stm32cubeide/plugins/com.st.stm32cube.ide.mcu.externaltools.gnu-tools-for-stm32.10.3-2021.10.win32_1.0.200.202301161003/tools/bin/../lib/gcc/arm-none-eabi/10.3.1/thumb/v7e-m+fp/hard/crtbegin.o
                0x0000000008007234                PROVIDE (__init_array_end = .)
                0x0000000008007234                . = ALIGN (0x4)

.fini_array     0x0000000008007234        0x4
                0x0000000008007234                . = ALIGN (0x4)
                [!provide]                        PROVIDE (__fini_array_start = .)
 *(SORT_BY_NAME(.fini_array.*))
 *(.fini_array*)
 .fini_array    0x0000000008007234        0x4 c:/st/stm32cubeide_1.12.1/stm32cubeide/plugins/com.st.stm32cube.ide.mcu.externaltools.gnu-tools-for-stm32.10.3-2021.10.win32_1.0.200.202301161003/tools/bin/../lib/gcc/arm-none-eabi/10.3.1/thumb/v7e-m+fp/hard/crtbegin.o
                [!provide]                        PROVIDE (__fini_array_end = .)
                0x0000000008007238                . = ALIGN (0x4)
                0x0000000008007238                _sidata = LOADADDR (.data)

.data           0x0000000020000000       0x1c load address 0x0000000008007238
                0x0000000020000000                . = ALIGN (0x4)
                0x0000000020000000                _sdata = .
 *(.data)
 *(.data*)
 .data.i.0      0x0000000020000000        0x4 ./Core/Src/led_effect.o
 .data.SystemCoreClock
                0x0000000020000004        0x4 ./Core/Src/system_stm32f4xx.o
                0x0000000020000004                SystemCoreClock
 .data.inv_msg  0x0000000020000008        0x4 ./Core/Src/task_handler.o
                0x0000000020000008                inv_msg
 .data.uwTickPrio
                0x000000002000000c        0x4 ./Drivers/STM32F4xx_HAL_Driver/Src/stm32f4xx_hal.o
                0x000000002000000c                uwTickPrio
 .data.uwTickFreq
                0x0000000020000010        0x1 ./Drivers/STM32F4xx_HAL_Driver/Src/stm32f4xx_hal.o
                0x0000000020000010                uwTickFreq
 *fill*         0x0000000020000011        0x3 
 .data.uxTopUsedPriority
                0x0000000020000014        0x4 ./common/ThirdParty/FreeRTOS/tasks.o
                0x0000000020000014                uxTopUsedPriority
 .data.uxCriticalNesting
                0x0000000020000018        0x4 ./common/ThirdParty/FreeRTOS/portable/GCC/ARM_CM4F/port.o
 *(.RamFunc)
 *(.RamFunc*)
                0x000000002000001c                . = ALIGN (0x4)
                0x000000002000001c                _edata = .

.igot.plt       0x000000002000001c        0x0 load address 0x0000000008007254
 .igot.plt      0x000000002000001c        0x0 c:/st/stm32cubeide_1.12.1/stm32cubeide/plugins/com.st.stm32cube.ide.mcu.externaltools.gnu-tools-for-stm32.10.3-2021.10.win32_1.0.200.202301161003/tools/bin/../lib/gcc/arm-none-eabi/10.3.1/thumb/v7e-m+fp/hard/crtbegin.o
                0x000000002000001c                . = ALIGN (0x4)

.bss            0x000000002000001c    0x12eb0 load address 0x0000000008007254
                0x000000002000001c                _sbss = .
                0x000000002000001c                __bss_start__ = _sbss
 *(.bss)
 .bss           0x000000002000001c       0x1c c:/st/stm32cubeide_1.12.1/stm32cubeide/plugins/com.st.stm32cube.ide.mcu.externaltools.gnu-tools-for-stm32.10.3-2021.10.win32_1.0.200.202301161003/tools/bin/../lib/gcc/arm-none-eabi/10.3.1/thumb/v7e-m+fp/hard/crtbegin.o
 *(.bss*)
 .bss.flag.3    0x0000000020000038        0x4 ./Core/Src/led_effect.o
 .bss.flag.2    0x000000002000003c        0x4 ./Core/Src/led_effect.o
 .bss.i.1       0x0000000020000040        0x4 ./Core/Src/led_effect.o
 .bss.hrtc      0x0000000020000044       0x20 ./Core/Src/main.o
                0x0000000020000044                hrtc
 .bss.huart2    0x0000000020000064       0x44 ./Core/Src/main.o
                0x0000000020000064                huart2
 .bss.menu_task_handle
                0x00000000200000a8        0x4 ./Core/Src/main.o
                0x00000000200000a8                menu_task_handle
 .bss.led_task_handle
                0x00000000200000ac        0x4 ./Core/Src/main.o
                0x00000000200000ac                led_task_handle
 .bss.rtc_task_handle
                0x00000000200000b0        0x4 ./Core/Src/main.o
                0x00000000200000b0                rtc_task_handle
 .bss.cmd_task_handle
                0x00000000200000b4        0x4 ./Core/Src/main.o
                0x00000000200000b4                cmd_task_handle
 .bss.print_task_handle
                0x00000000200000b8        0x4 ./Core/Src/main.o
                0x00000000200000b8                print_task_handle
 .bss.q_data    0x00000000200000bc        0x4 ./Core/Src/main.o
                0x00000000200000bc                q_data
 .bss.q_print   0x00000000200000c0        0x4 ./Core/Src/main.o
                0x00000000200000c0                q_print
 .bss.user_data
                0x00000000200000c4        0x1 ./Core/Src/main.o
                0x00000000200000c4                user_data
 *fill*         0x00000000200000c5        0x3 
 .bss.handle_led_timer
                0x00000000200000c8       0x10 ./Core/Src/main.o
                0x00000000200000c8                handle_led_timer
 .bss.curr_state
                0x00000000200000d8        0x1 ./Core/Src/main.o
                0x00000000200000d8                curr_state
 *fill*         0x00000000200000d9        0x3 
 .bss.htim5     0x00000000200000dc       0x48 ./Core/Src/stm32f4xx_hal_timebase_tim.o
                0x00000000200000dc                htim5
 .bss.uwTick    0x0000000020000124        0x4 ./Drivers/STM32F4xx_HAL_Driver/Src/stm32f4xx_hal.o
                0x0000000020000124                uwTick
 .bss.xQueueRegistry
                0x0000000020000128       0x40 ./common/ThirdParty/FreeRTOS/queue.o
                0x0000000020000128                xQueueRegistry
 .bss.pxCurrentTCB
                0x0000000020000168        0x4 ./common/ThirdParty/FreeRTOS/tasks.o
                0x0000000020000168                pxCurrentTCB
 .bss.pxReadyTasksLists
                0x000000002000016c       0x64 ./common/ThirdParty/FreeRTOS/tasks.o
 .bss.xDelayedTaskList1
                0x00000000200001d0       0x14 ./common/ThirdParty/FreeRTOS/tasks.o
 .bss.xDelayedTaskList2
                0x00000000200001e4       0x14 ./common/ThirdParty/FreeRTOS/tasks.o
 .bss.pxDelayedTaskList
                0x00000000200001f8        0x4 ./common/ThirdParty/FreeRTOS/tasks.o
 .bss.pxOverflowDelayedTaskList
                0x00000000200001fc        0x4 ./common/ThirdParty/FreeRTOS/tasks.o
 .bss.xPendingReadyList
                0x0000000020000200       0x14 ./common/ThirdParty/FreeRTOS/tasks.o
 .bss.xTasksWaitingTermination
                0x0000000020000214       0x14 ./common/ThirdParty/FreeRTOS/tasks.o
 .bss.uxDeletedTasksWaitingCleanUp
                0x0000000020000228        0x4 ./common/ThirdParty/FreeRTOS/tasks.o
 .bss.xSuspendedTaskList
                0x000000002000022c       0x14 ./common/ThirdParty/FreeRTOS/tasks.o
 .bss.uxCurrentNumberOfTasks
                0x0000000020000240        0x4 ./common/ThirdParty/FreeRTOS/tasks.o
 .bss.xTickCount
                0x0000000020000244        0x4 ./common/ThirdParty/FreeRTOS/tasks.o
 .bss.uxTopReadyPriority
                0x0000000020000248        0x4 ./common/ThirdParty/FreeRTOS/tasks.o
 .bss.xSchedulerRunning
                0x000000002000024c        0x4 ./common/ThirdParty/FreeRTOS/tasks.o
 .bss.xPendedTicks
                0x0000000020000250        0x4 ./common/ThirdParty/FreeRTOS/tasks.o
 .bss.xYieldPending
                0x0000000020000254        0x4 ./common/ThirdParty/FreeRTOS/tasks.o
 .bss.xNumOfOverflows
                0x0000000020000258        0x4 ./common/ThirdParty/FreeRTOS/tasks.o
 .bss.uxTaskNumber
                0x000000002000025c        0x4 ./common/ThirdParty/FreeRTOS/tasks.o
 .bss.xNextTaskUnblockTime
                0x0000000020000260        0x4 ./common/ThirdParty/FreeRTOS/tasks.o
 .bss.xIdleTaskHandle
                0x0000000020000264        0x4 ./common/ThirdParty/FreeRTOS/tasks.o
 .bss.uxSchedulerSuspended
                0x0000000020000268        0x4 ./common/ThirdParty/FreeRTOS/tasks.o
 .bss.xActiveTimerList1
                0x000000002000026c       0x14 ./common/ThirdParty/FreeRTOS/timers.o
 .bss.xActiveTimerList2
                0x0000000020000280       0x14 ./common/ThirdParty/FreeRTOS/timers.o
 .bss.pxCurrentTimerList
                0x0000000020000294        0x4 ./common/ThirdParty/FreeRTOS/timers.o
 .bss.pxOverflowTimerList
                0x0000000020000298        0x4 ./common/ThirdParty/FreeRTOS/timers.o
 .bss.xTimerQueue
                0x000000002000029c        0x4 ./common/ThirdParty/FreeRTOS/timers.o
 .bss.xTimerTaskHandle
                0x00000000200002a0        0x4 ./common/ThirdParty/FreeRTOS/timers.o
 .bss.xLastTime.0
                0x00000000200002a4        0x4 ./common/ThirdParty/FreeRTOS/timers.o
 .bss.ucMaxSysCallPriority
                0x00000000200002a8        0x1 ./common/ThirdParty/FreeRTOS/portable/GCC/ARM_CM4F/port.o
 *fill*         0x00000000200002a9        0x3 
 .bss.ulMaxPRIGROUPValue
                0x00000000200002ac        0x4 ./common/ThirdParty/FreeRTOS/portable/GCC/ARM_CM4F/port.o
 .bss.ucHeap    0x00000000200002b0    0x12c00 ./common/ThirdParty/FreeRTOS/portable/MemMang/heap_4.o
 .bss.xStart    0x0000000020012eb0        0x8 ./common/ThirdParty/FreeRTOS/portable/MemMang/heap_4.o
 .bss.pxEnd     0x0000000020012eb8        0x4 ./common/ThirdParty/FreeRTOS/portable/MemMang/heap_4.o
 .bss.xFreeBytesRemaining
                0x0000000020012ebc        0x4 ./common/ThirdParty/FreeRTOS/portable/MemMang/heap_4.o
 .bss.xMinimumEverFreeBytesRemaining
                0x0000000020012ec0        0x4 ./common/ThirdParty/FreeRTOS/portable/MemMang/heap_4.o
 .bss.xNumberOfSuccessfulAllocations
                0x0000000020012ec4        0x4 ./common/ThirdParty/FreeRTOS/portable/MemMang/heap_4.o
 .bss.xNumberOfSuccessfulFrees
                0x0000000020012ec8        0x4 ./common/ThirdParty/FreeRTOS/portable/MemMang/heap_4.o
 *(COMMON)
                0x0000000020012ecc                . = ALIGN (0x4)
                0x0000000020012ecc                _ebss = .
                0x0000000020012ecc                __bss_end__ = _ebss

._user_heap_stack
                0x0000000020012ecc      0x604 load address 0x0000000008007254
                0x0000000020012ed0                . = ALIGN (0x8)
 *fill*         0x0000000020012ecc        0x4 
                [!provide]                        PROVIDE (end = .)
                0x0000000020012ed0                PROVIDE (_end = .)
                0x00000000200130d0                . = (. + _Min_Heap_Size)
 *fill*         0x0000000020012ed0      0x200 
                0x00000000200134d0                . = (. + _Min_Stack_Size)
 *fill*         0x00000000200130d0      0x400 
                0x00000000200134d0                . = ALIGN (0x8)

/DISCARD/
 libc.a(*)
 libm.a(*)
 libgcc.a(*)

.ARM.attributes
                0x0000000000000000       0x30
 *(.ARM.attributes)
 .ARM.attributes
                0x0000000000000000       0x1e c:/st/stm32cubeide_1.12.1/stm32cubeide/plugins/com.st.stm32cube.ide.mcu.externaltools.gnu-tools-for-stm32.10.3-2021.10.win32_1.0.200.202301161003/tools/bin/../lib/gcc/arm-none-eabi/10.3.1/thumb/v7e-m+fp/hard/crti.o
 .ARM.attributes
                0x000000000000001e       0x34 c:/st/stm32cubeide_1.12.1/stm32cubeide/plugins/com.st.stm32cube.ide.mcu.externaltools.gnu-tools-for-stm32.10.3-2021.10.win32_1.0.200.202301161003/tools/bin/../lib/gcc/arm-none-eabi/10.3.1/thumb/v7e-m+fp/hard/crtbegin.o
 .ARM.attributes
                0x0000000000000052       0x34 ./Core/Src/led_effect.o
 .ARM.attributes
                0x0000000000000086       0x34 ./Core/Src/main.o
 .ARM.attributes
                0x00000000000000ba       0x34 ./Core/Src/stm32f4xx_hal_msp.o
 .ARM.attributes
                0x00000000000000ee       0x34 ./Core/Src/stm32f4xx_hal_timebase_tim.o
 .ARM.attributes
                0x0000000000000122       0x34 ./Core/Src/stm32f4xx_it.o
 .ARM.attributes
                0x0000000000000156       0x34 ./Core/Src/system_stm32f4xx.o
 .ARM.attributes
                0x000000000000018a       0x34 ./Core/Src/task_handler.o
 .ARM.attributes
                0x00000000000001be       0x21 ./Core/Startup/startup_stm32f401retx.o
 .ARM.attributes
                0x00000000000001df       0x34 ./Drivers/STM32F4xx_HAL_Driver/Src/stm32f4xx_hal.o
 .ARM.attributes
                0x0000000000000213       0x34 ./Drivers/STM32F4xx_HAL_Driver/Src/stm32f4xx_hal_cortex.o
 .ARM.attributes
                0x0000000000000247       0x34 ./Drivers/STM32F4xx_HAL_Driver/Src/stm32f4xx_hal_dma.o
 .ARM.attributes
                0x000000000000027b       0x34 ./Drivers/STM32F4xx_HAL_Driver/Src/stm32f4xx_hal_gpio.o
 .ARM.attributes
                0x00000000000002af       0x34 ./Drivers/STM32F4xx_HAL_Driver/Src/stm32f4xx_hal_rcc.o
 .ARM.attributes
                0x00000000000002e3       0x34 ./Drivers/STM32F4xx_HAL_Driver/Src/stm32f4xx_hal_rcc_ex.o
 .ARM.attributes
                0x0000000000000317       0x34 ./Drivers/STM32F4xx_HAL_Driver/Src/stm32f4xx_hal_rtc.o
 .ARM.attributes
                0x000000000000034b       0x34 ./Drivers/STM32F4xx_HAL_Driver/Src/stm32f4xx_hal_tim.o
 .ARM.attributes
                0x000000000000037f       0x34 ./Drivers/STM32F4xx_HAL_Driver/Src/stm32f4xx_hal_tim_ex.o
 .ARM.attributes
                0x00000000000003b3       0x34 ./Drivers/STM32F4xx_HAL_Driver/Src/stm32f4xx_hal_uart.o
 .ARM.attributes
                0x00000000000003e7       0x34 ./common/ThirdParty/FreeRTOS/list.o
 .ARM.attributes
                0x000000000000041b       0x34 ./common/ThirdParty/FreeRTOS/queue.o
 .ARM.attributes
                0x000000000000044f       0x34 ./common/ThirdParty/FreeRTOS/tasks.o
 .ARM.attributes
                0x0000000000000483       0x34 ./common/ThirdParty/FreeRTOS/timers.o
 .ARM.attributes
                0x00000000000004b7       0x34 ./common/ThirdParty/FreeRTOS/portable/GCC/ARM_CM4F/port.o
 .ARM.attributes
                0x00000000000004eb       0x34 ./common/ThirdParty/FreeRTOS/portable/MemMang/heap_4.o
 .ARM.attributes
                0x000000000000051f       0x34 c:/st/stm32cubeide_1.12.1/stm32cubeide/plugins/com.st.stm32cube.ide.mcu.externaltools.gnu-tools-for-stm32.10.3-2021.10.win32_1.0.200.202301161003/tools/bin/../lib/gcc/arm-none-eabi/10.3.1/../../../../arm-none-eabi/lib/thumb/v7e-m+fp/hard\libc_nano.a(lib_a-init.o)
 .ARM.attributes
                0x0000000000000553       0x34 c:/st/stm32cubeide_1.12.1/stm32cubeide/plugins/com.st.stm32cube.ide.mcu.externaltools.gnu-tools-for-stm32.10.3-2021.10.win32_1.0.200.202301161003/tools/bin/../lib/gcc/arm-none-eabi/10.3.1/../../../../arm-none-eabi/lib/thumb/v7e-m+fp/hard\libc_nano.a(lib_a-memcpy-stub.o)
 .ARM.attributes
                0x0000000000000587       0x34 c:/st/stm32cubeide_1.12.1/stm32cubeide/plugins/com.st.stm32cube.ide.mcu.externaltools.gnu-tools-for-stm32.10.3-2021.10.win32_1.0.200.202301161003/tools/bin/../lib/gcc/arm-none-eabi/10.3.1/../../../../arm-none-eabi/lib/thumb/v7e-m+fp/hard\libc_nano.a(lib_a-memset.o)
 .ARM.attributes
                0x00000000000005bb       0x1c c:/st/stm32cubeide_1.12.1/stm32cubeide/plugins/com.st.stm32cube.ide.mcu.externaltools.gnu-tools-for-stm32.10.3-2021.10.win32_1.0.200.202301161003/tools/bin/../lib/gcc/arm-none-eabi/10.3.1/../../../../arm-none-eabi/lib/thumb/v7e-m+fp/hard\libc_nano.a(lib_a-strcmp.o)
 .ARM.attributes
                0x00000000000005d7       0x17 c:/st/stm32cubeide_1.12.1/stm32cubeide/plugins/com.st.stm32cube.ide.mcu.externaltools.gnu-tools-for-stm32.10.3-2021.10.win32_1.0.200.202301161003/tools/bin/../lib/gcc/arm-none-eabi/10.3.1/../../../../arm-none-eabi/lib/thumb/v7e-m+fp/hard\libc_nano.a(lib_a-strlen.o)
 .ARM.attributes
                0x00000000000005ee       0x1e c:/st/stm32cubeide_1.12.1/stm32cubeide/plugins/com.st.stm32cube.ide.mcu.externaltools.gnu-tools-for-stm32.10.3-2021.10.win32_1.0.200.202301161003/tools/bin/../lib/gcc/arm-none-eabi/10.3.1/thumb/v7e-m+fp/hard\libgcc.a(_aeabi_uldivmod.o)
 .ARM.attributes
                0x000000000000060c       0x34 c:/st/stm32cubeide_1.12.1/stm32cubeide/plugins/com.st.stm32cube.ide.mcu.externaltools.gnu-tools-for-stm32.10.3-2021.10.win32_1.0.200.202301161003/tools/bin/../lib/gcc/arm-none-eabi/10.3.1/thumb/v7e-m+fp/hard\libgcc.a(_udivmoddi4.o)
 .ARM.attributes
                0x0000000000000640       0x1e c:/st/stm32cubeide_1.12.1/stm32cubeide/plugins/com.st.stm32cube.ide.mcu.externaltools.gnu-tools-for-stm32.10.3-2021.10.win32_1.0.200.202301161003/tools/bin/../lib/gcc/arm-none-eabi/10.3.1/thumb/v7e-m+fp/hard\libgcc.a(_dvmd_tls.o)
 .ARM.attributes
                0x000000000000065e       0x1e c:/st/stm32cubeide_1.12.1/stm32cubeide/plugins/com.st.stm32cube.ide.mcu.externaltools.gnu-tools-for-stm32.10.3-2021.10.win32_1.0.200.202301161003/tools/bin/../lib/gcc/arm-none-eabi/10.3.1/thumb/v7e-m+fp/hard/crtn.o
OUTPUT(Basic_RTOS_Application.elf elf32-littlearm)
LOAD linker stubs
LOAD c:/st/stm32cubeide_1.12.1/stm32cubeide/plugins/com.st.stm32cube.ide.mcu.externaltools.gnu-tools-for-stm32.10.3-2021.10.win32_1.0.200.202301161003/tools/bin/../lib/gcc/arm-none-eabi/10.3.1/../../../../arm-none-eabi/lib/thumb/v7e-m+fp/hard\libc.a
LOAD c:/st/stm32cubeide_1.12.1/stm32cubeide/plugins/com.st.stm32cube.ide.mcu.externaltools.gnu-tools-for-stm32.10.3-2021.10.win32_1.0.200.202301161003/tools/bin/../lib/gcc/arm-none-eabi/10.3.1/../../../../arm-none-eabi/lib/thumb/v7e-m+fp/hard\libm.a
LOAD c:/st/stm32cubeide_1.12.1/stm32cubeide/plugins/com.st.stm32cube.ide.mcu.externaltools.gnu-tools-for-stm32.10.3-2021.10.win32_1.0.200.202301161003/tools/bin/../lib/gcc/arm-none-eabi/10.3.1/thumb/v7e-m+fp/hard\libgcc.a

.debug_info     0x0000000000000000    0x16122
 .debug_info    0x0000000000000000      0x406 ./Core/Src/led_effect.o
 .debug_info    0x0000000000000406     0x1916 ./Core/Src/main.o
 .debug_info    0x0000000000001d1c     0x100b ./Core/Src/stm32f4xx_hal_msp.o
 .debug_info    0x0000000000002d27      0xbd9 ./Core/Src/stm32f4xx_hal_timebase_tim.o
 .debug_info    0x0000000000003900      0x9a1 ./Core/Src/stm32f4xx_it.o
 .debug_info    0x00000000000042a1      0x54f ./Core/Src/system_stm32f4xx.o
 .debug_info    0x00000000000047f0      0xa58 ./Core/Src/task_handler.o
 .debug_info    0x0000000000005248       0x22 ./Core/Startup/startup_stm32f401retx.o
 .debug_info    0x000000000000526a      0x906 ./Drivers/STM32F4xx_HAL_Driver/Src/stm32f4xx_hal.o
 .debug_info    0x0000000000005b70      0xd85 ./Drivers/STM32F4xx_HAL_Driver/Src/stm32f4xx_hal_cortex.o
 .debug_info    0x00000000000068f5      0x947 ./Drivers/STM32F4xx_HAL_Driver/Src/stm32f4xx_hal_dma.o
 .debug_info    0x000000000000723c      0x78e ./Drivers/STM32F4xx_HAL_Driver/Src/stm32f4xx_hal_gpio.o
 .debug_info    0x00000000000079ca      0x98c ./Drivers/STM32F4xx_HAL_Driver/Src/stm32f4xx_hal_rcc.o
 .debug_info    0x0000000000008356      0x5a3 ./Drivers/STM32F4xx_HAL_Driver/Src/stm32f4xx_hal_rcc_ex.o
 .debug_info    0x00000000000088f9      0xcf0 ./Drivers/STM32F4xx_HAL_Driver/Src/stm32f4xx_hal_rtc.o
 .debug_info    0x00000000000095e9     0x2bb6 ./Drivers/STM32F4xx_HAL_Driver/Src/stm32f4xx_hal_tim.o
 .debug_info    0x000000000000c19f     0x15d8 ./Drivers/STM32F4xx_HAL_Driver/Src/stm32f4xx_hal_tim_ex.o
 .debug_info    0x000000000000d777     0x31b4 ./Drivers/STM32F4xx_HAL_Driver/Src/stm32f4xx_hal_uart.o
 .debug_info    0x000000000001092b      0x2d1 ./common/ThirdParty/FreeRTOS/list.o
 .debug_info    0x0000000000010bfc     0x1737 ./common/ThirdParty/FreeRTOS/queue.o
 .debug_info    0x0000000000012333     0x2439 ./common/ThirdParty/FreeRTOS/tasks.o
 .debug_info    0x000000000001476c      0xeaf ./common/ThirdParty/FreeRTOS/timers.o
 .debug_info    0x000000000001561b      0x5af ./common/ThirdParty/FreeRTOS/portable/GCC/ARM_CM4F/port.o
 .debug_info    0x0000000000015bca      0x558 ./common/ThirdParty/FreeRTOS/portable/MemMang/heap_4.o

.debug_abbrev   0x0000000000000000     0x349c
 .debug_abbrev  0x0000000000000000      0x1c2 ./Core/Src/led_effect.o
 .debug_abbrev  0x00000000000001c2      0x36c ./Core/Src/main.o
 .debug_abbrev  0x000000000000052e      0x1ff ./Core/Src/stm32f4xx_hal_msp.o
 .debug_abbrev  0x000000000000072d      0x1f7 ./Core/Src/stm32f4xx_hal_timebase_tim.o
 .debug_abbrev  0x0000000000000924      0x189 ./Core/Src/stm32f4xx_it.o
 .debug_abbrev  0x0000000000000aad      0x116 ./Core/Src/system_stm32f4xx.o
 .debug_abbrev  0x0000000000000bc3      0x25b ./Core/Src/task_handler.o
 .debug_abbrev  0x0000000000000e1e       0x12 ./Core/Startup/startup_stm32f401retx.o
 .debug_abbrev  0x0000000000000e30      0x23e ./Drivers/STM32F4xx_HAL_Driver/Src/stm32f4xx_hal.o
 .debug_abbrev  0x000000000000106e      0x316 ./Drivers/STM32F4xx_HAL_Driver/Src/stm32f4xx_hal_cortex.o
 .debug_abbrev  0x0000000000001384      0x21b ./Drivers/STM32F4xx_HAL_Driver/Src/stm32f4xx_hal_dma.o
 .debug_abbrev  0x000000000000159f      0x1c4 ./Drivers/STM32F4xx_HAL_Driver/Src/stm32f4xx_hal_gpio.o
 .debug_abbrev  0x0000000000001763      0x2aa ./Drivers/STM32F4xx_HAL_Driver/Src/stm32f4xx_hal_rcc.o
 .debug_abbrev  0x0000000000001a0d      0x1a8 ./Drivers/STM32F4xx_HAL_Driver/Src/stm32f4xx_hal_rcc_ex.o
 .debug_abbrev  0x0000000000001bb5      0x202 ./Drivers/STM32F4xx_HAL_Driver/Src/stm32f4xx_hal_rtc.o
 .debug_abbrev  0x0000000000001db7      0x26e ./Drivers/STM32F4xx_HAL_Driver/Src/stm32f4xx_hal_tim.o
 .debug_abbrev  0x0000000000002025      0x276 ./Drivers/STM32F4xx_HAL_Driver/Src/stm32f4xx_hal_tim_ex.o
 .debug_abbrev  0x000000000000229b      0x305 ./Drivers/STM32F4xx_HAL_Driver/Src/stm32f4xx_hal_uart.o
 .debug_abbrev  0x00000000000025a0       0xf2 ./common/ThirdParty/FreeRTOS/list.o
 .debug_abbrev  0x0000000000002692      0x2f6 ./common/ThirdParty/FreeRTOS/queue.o
 .debug_abbrev  0x0000000000002988      0x3a8 ./common/ThirdParty/FreeRTOS/tasks.o
 .debug_abbrev  0x0000000000002d30      0x2c5 ./common/ThirdParty/FreeRTOS/timers.o
 .debug_abbrev  0x0000000000002ff5      0x259 ./common/ThirdParty/FreeRTOS/portable/GCC/ARM_CM4F/port.o
 .debug_abbrev  0x000000000000324e      0x24e ./common/ThirdParty/FreeRTOS/portable/MemMang/heap_4.o

.debug_aranges  0x0000000000000000     0x1318
 .debug_aranges
                0x0000000000000000       0x70 ./Core/Src/led_effect.o
 .debug_aranges
                0x0000000000000070       0x60 ./Core/Src/main.o
 .debug_aranges
                0x00000000000000d0       0x40 ./Core/Src/stm32f4xx_hal_msp.o
 .debug_aranges
                0x0000000000000110       0x30 ./Core/Src/stm32f4xx_hal_timebase_tim.o
 .debug_aranges
                0x0000000000000140       0x58 ./Core/Src/stm32f4xx_it.o
 .debug_aranges
                0x0000000000000198       0x28 ./Core/Src/system_stm32f4xx.o
 .debug_aranges
                0x00000000000001c0       0x50 ./Core/Src/task_handler.o
 .debug_aranges
                0x0000000000000210       0x28 ./Core/Startup/startup_stm32f401retx.o
 .debug_aranges
                0x0000000000000238       0xf0 ./Drivers/STM32F4xx_HAL_Driver/Src/stm32f4xx_hal.o
 .debug_aranges
                0x0000000000000328      0x118 ./Drivers/STM32F4xx_HAL_Driver/Src/stm32f4xx_hal_cortex.o
 .debug_aranges
                0x0000000000000440       0x90 ./Drivers/STM32F4xx_HAL_Driver/Src/stm32f4xx_hal_dma.o
 .debug_aranges
                0x00000000000004d0       0x58 ./Drivers/STM32F4xx_HAL_Driver/Src/stm32f4xx_hal_gpio.o
 .debug_aranges
                0x0000000000000528       0x88 ./Drivers/STM32F4xx_HAL_Driver/Src/stm32f4xx_hal_rcc.o
 .debug_aranges
                0x00000000000005b0       0x48 ./Drivers/STM32F4xx_HAL_Driver/Src/stm32f4xx_hal_rcc_ex.o
 .debug_aranges
                0x00000000000005f8       0xe8 ./Drivers/STM32F4xx_HAL_Driver/Src/stm32f4xx_hal_rtc.o
 .debug_aranges
                0x00000000000006e0      0x3d0 ./Drivers/STM32F4xx_HAL_Driver/Src/stm32f4xx_hal_tim.o
 .debug_aranges
                0x0000000000000ab0      0x168 ./Drivers/STM32F4xx_HAL_Driver/Src/stm32f4xx_hal_tim_ex.o
 .debug_aranges
                0x0000000000000c18      0x200 ./Drivers/STM32F4xx_HAL_Driver/Src/stm32f4xx_hal_uart.o
 .debug_aranges
                0x0000000000000e18       0x40 ./common/ThirdParty/FreeRTOS/list.o
 .debug_aranges
                0x0000000000000e58      0x108 ./common/ThirdParty/FreeRTOS/queue.o
 .debug_aranges
                0x0000000000000f60      0x1e8 ./common/ThirdParty/FreeRTOS/tasks.o
 .debug_aranges
                0x0000000000001148       0xe8 ./common/ThirdParty/FreeRTOS/timers.o
 .debug_aranges
                0x0000000000001230       0x88 ./common/ThirdParty/FreeRTOS/portable/GCC/ARM_CM4F/port.o
 .debug_aranges
                0x00000000000012b8       0x60 ./common/ThirdParty/FreeRTOS/portable/MemMang/heap_4.o

.debug_ranges   0x0000000000000000     0x11d0
 .debug_ranges  0x0000000000000000       0x60 ./Core/Src/led_effect.o
 .debug_ranges  0x0000000000000060       0x50 ./Core/Src/main.o
 .debug_ranges  0x00000000000000b0       0x30 ./Core/Src/stm32f4xx_hal_msp.o
 .debug_ranges  0x00000000000000e0       0x20 ./Core/Src/stm32f4xx_hal_timebase_tim.o
 .debug_ranges  0x0000000000000100       0x48 ./Core/Src/stm32f4xx_it.o
 .debug_ranges  0x0000000000000148       0x18 ./Core/Src/system_stm32f4xx.o
 .debug_ranges  0x0000000000000160       0x40 ./Core/Src/task_handler.o
 .debug_ranges  0x00000000000001a0       0x20 ./Core/Startup/startup_stm32f401retx.o
 .debug_ranges  0x00000000000001c0       0xe0 ./Drivers/STM32F4xx_HAL_Driver/Src/stm32f4xx_hal.o
 .debug_ranges  0x00000000000002a0      0x108 ./Drivers/STM32F4xx_HAL_Driver/Src/stm32f4xx_hal_cortex.o
 .debug_ranges  0x00000000000003a8       0x80 ./Drivers/STM32F4xx_HAL_Driver/Src/stm32f4xx_hal_dma.o
 .debug_ranges  0x0000000000000428       0x48 ./Drivers/STM32F4xx_HAL_Driver/Src/stm32f4xx_hal_gpio.o
 .debug_ranges  0x0000000000000470       0x78 ./Drivers/STM32F4xx_HAL_Driver/Src/stm32f4xx_hal_rcc.o
 .debug_ranges  0x00000000000004e8       0x38 ./Drivers/STM32F4xx_HAL_Driver/Src/stm32f4xx_hal_rcc_ex.o
 .debug_ranges  0x0000000000000520       0xd8 ./Drivers/STM32F4xx_HAL_Driver/Src/stm32f4xx_hal_rtc.o
 .debug_ranges  0x00000000000005f8      0x3c0 ./Drivers/STM32F4xx_HAL_Driver/Src/stm32f4xx_hal_tim.o
 .debug_ranges  0x00000000000009b8      0x158 ./Drivers/STM32F4xx_HAL_Driver/Src/stm32f4xx_hal_tim_ex.o
 .debug_ranges  0x0000000000000b10      0x220 ./Drivers/STM32F4xx_HAL_Driver/Src/stm32f4xx_hal_uart.o
 .debug_ranges  0x0000000000000d30       0x30 ./common/ThirdParty/FreeRTOS/list.o
 .debug_ranges  0x0000000000000d60       0xf8 ./common/ThirdParty/FreeRTOS/queue.o
 .debug_ranges  0x0000000000000e58      0x1d8 ./common/ThirdParty/FreeRTOS/tasks.o
 .debug_ranges  0x0000000000001030       0xd8 ./common/ThirdParty/FreeRTOS/timers.o
 .debug_ranges  0x0000000000001108       0x78 ./common/ThirdParty/FreeRTOS/portable/GCC/ARM_CM4F/port.o
 .debug_ranges  0x0000000000001180       0x50 ./common/ThirdParty/FreeRTOS/portable/MemMang/heap_4.o

.debug_macro    0x0000000000000000    0x18f1a
 .debug_macro   0x0000000000000000      0x34d ./Core/Src/led_effect.o
 .debug_macro   0x000000000000034d      0xa78 ./Core/Src/led_effect.o
 .debug_macro   0x0000000000000dc5      0x2a1 ./Core/Src/led_effect.o
 .debug_macro   0x0000000000001066       0x2e ./Core/Src/led_effect.o
 .debug_macro   0x0000000000001094       0x28 ./Core/Src/led_effect.o
 .debug_macro   0x00000000000010bc       0x22 ./Core/Src/led_effect.o
 .debug_macro   0x00000000000010de       0x8e ./Core/Src/led_effect.o
 .debug_macro   0x000000000000116c       0x51 ./Core/Src/led_effect.o
 .debug_macro   0x00000000000011bd      0x103 ./Core/Src/led_effect.o
 .debug_macro   0x00000000000012c0       0x6a ./Core/Src/led_effect.o
 .debug_macro   0x000000000000132a      0x1df ./Core/Src/led_effect.o
 .debug_macro   0x0000000000001509       0x1c ./Core/Src/led_effect.o
 .debug_macro   0x0000000000001525       0x22 ./Core/Src/led_effect.o
 .debug_macro   0x0000000000001547       0xd9 ./Core/Src/led_effect.o
 .debug_macro   0x0000000000001620     0x102d ./Core/Src/led_effect.o
 .debug_macro   0x000000000000264d      0x11f ./Core/Src/led_effect.o
 .debug_macro   0x000000000000276c     0xb86c ./Core/Src/led_effect.o
 .debug_macro   0x000000000000dfd8       0x6d ./Core/Src/led_effect.o
 .debug_macro   0x000000000000e045     0x367e ./Core/Src/led_effect.o
 .debug_macro   0x00000000000116c3      0x174 ./Core/Src/led_effect.o
 .debug_macro   0x0000000000011837       0x5c ./Core/Src/led_effect.o
 .debug_macro   0x0000000000011893      0x416 ./Core/Src/led_effect.o
 .debug_macro   0x0000000000011ca9      0x9fe ./Core/Src/led_effect.o
 .debug_macro   0x00000000000126a7      0x115 ./Core/Src/led_effect.o
 .debug_macro   0x00000000000127bc       0xf8 ./Core/Src/led_effect.o
 .debug_macro   0x00000000000128b4       0xa5 ./Core/Src/led_effect.o
 .debug_macro   0x0000000000012959      0x15f ./Core/Src/led_effect.o
 .debug_macro   0x0000000000012ab8      0x287 ./Core/Src/led_effect.o
 .debug_macro   0x0000000000012d3f       0x5f ./Core/Src/led_effect.o
 .debug_macro   0x0000000000012d9e      0x236 ./Core/Src/led_effect.o
 .debug_macro   0x0000000000012fd4      0x132 ./Core/Src/led_effect.o
 .debug_macro   0x0000000000013106      0x264 ./Core/Src/led_effect.o
 .debug_macro   0x000000000001336a       0x2e ./Core/Src/led_effect.o
 .debug_macro   0x0000000000013398      0x11a ./Core/Src/led_effect.o
 .debug_macro   0x00000000000134b2       0x85 ./Core/Src/led_effect.o
 .debug_macro   0x0000000000013537       0x89 ./Core/Src/led_effect.o
 .debug_macro   0x00000000000135c0      0x2fe ./Core/Src/led_effect.o
 .debug_macro   0x00000000000138be      0x430 ./Core/Src/led_effect.o
 .debug_macro   0x0000000000013cee       0xe4 ./Core/Src/led_effect.o
 .debug_macro   0x0000000000013dd2      0x8e6 ./Core/Src/led_effect.o
 .debug_macro   0x00000000000146b8       0x47 ./Core/Src/led_effect.o
 .debug_macro   0x00000000000146ff      0x295 ./Core/Src/led_effect.o
 .debug_macro   0x0000000000014994      0x126 ./Core/Src/led_effect.o
 .debug_macro   0x0000000000014aba       0x52 ./Core/Src/led_effect.o
 .debug_macro   0x0000000000014b0c       0x1e ./Core/Src/led_effect.o
 .debug_macro   0x0000000000014b2a       0x3c ./Core/Src/led_effect.o
 .debug_macro   0x0000000000014b66       0x34 ./Core/Src/led_effect.o
 .debug_macro   0x0000000000014b9a       0x16 ./Core/Src/led_effect.o
 .debug_macro   0x0000000000014bb0       0x43 ./Core/Src/led_effect.o
 .debug_macro   0x0000000000014bf3       0x34 ./Core/Src/led_effect.o
 .debug_macro   0x0000000000014c27       0x10 ./Core/Src/led_effect.o
 .debug_macro   0x0000000000014c37       0x58 ./Core/Src/led_effect.o
 .debug_macro   0x0000000000014c8f       0x71 ./Core/Src/led_effect.o
 .debug_macro   0x0000000000014d00       0x1c ./Core/Src/led_effect.o
 .debug_macro   0x0000000000014d1c      0x12a ./Core/Src/led_effect.o
 .debug_macro   0x0000000000014e46      0x341 ./Core/Src/led_effect.o
 .debug_macro   0x0000000000015187       0x10 ./Core/Src/led_effect.o
 .debug_macro   0x0000000000015197       0x35 ./Core/Src/led_effect.o
 .debug_macro   0x00000000000151cc       0x20 ./Core/Src/led_effect.o
 .debug_macro   0x00000000000151ec      0x106 ./Core/Src/led_effect.o
 .debug_macro   0x00000000000152f2      0x15a ./Core/Src/led_effect.o
 .debug_macro   0x000000000001544c       0xea ./Core/Src/led_effect.o
 .debug_macro   0x0000000000015536       0x28 ./Core/Src/led_effect.o
 .debug_macro   0x000000000001555e       0x1f ./Core/Src/led_effect.o
 .debug_macro   0x000000000001557d       0x12 ./Core/Src/led_effect.o
 .debug_macro   0x000000000001558f      0x557 ./Core/Src/led_effect.o
 .debug_macro   0x0000000000015ae6       0xc3 ./Core/Src/led_effect.o
 .debug_macro   0x0000000000015ba9      0x120 ./Core/Src/led_effect.o
 .debug_macro   0x0000000000015cc9       0x80 ./Core/Src/led_effect.o
 .debug_macro   0x0000000000015d49       0x97 ./Core/Src/led_effect.o
 .debug_macro   0x0000000000015de0       0x7c ./Core/Src/led_effect.o
 .debug_macro   0x0000000000015e5c      0x34d ./Core/Src/main.o
 .debug_macro   0x00000000000161a9      0x34d ./Core/Src/stm32f4xx_hal_msp.o
 .debug_macro   0x00000000000164f6      0x1e7 ./Core/Src/stm32f4xx_hal_timebase_tim.o
 .debug_macro   0x00000000000166dd      0x357 ./Core/Src/stm32f4xx_it.o
 .debug_macro   0x0000000000016a34      0x1e7 ./Core/Src/system_stm32f4xx.o
 .debug_macro   0x0000000000016c1b      0x34d ./Core/Src/task_handler.o
 .debug_macro   0x0000000000016f68      0x247 ./Drivers/STM32F4xx_HAL_Driver/Src/stm32f4xx_hal.o
 .debug_macro   0x00000000000171af      0x1e7 ./Drivers/STM32F4xx_HAL_Driver/Src/stm32f4xx_hal_cortex.o
 .debug_macro   0x0000000000017396      0x1ed ./Drivers/STM32F4xx_HAL_Driver/Src/stm32f4xx_hal_dma.o
 .debug_macro   0x0000000000017583      0x1ed ./Drivers/STM32F4xx_HAL_Driver/Src/stm32f4xx_hal_gpio.o
 .debug_macro   0x0000000000017770      0x20b ./Drivers/STM32F4xx_HAL_Driver/Src/stm32f4xx_hal_rcc.o
 .debug_macro   0x000000000001797b      0x1e7 ./Drivers/STM32F4xx_HAL_Driver/Src/stm32f4xx_hal_rcc_ex.o
 .debug_macro   0x0000000000017b62      0x1e8 ./Drivers/STM32F4xx_HAL_Driver/Src/stm32f4xx_hal_rtc.o
 .debug_macro   0x0000000000017d4a      0x1e8 ./Drivers/STM32F4xx_HAL_Driver/Src/stm32f4xx_hal_tim.o
 .debug_macro   0x0000000000017f32      0x1e7 ./Drivers/STM32F4xx_HAL_Driver/Src/stm32f4xx_hal_tim_ex.o
 .debug_macro   0x0000000000018119      0x1e8 ./Drivers/STM32F4xx_HAL_Driver/Src/stm32f4xx_hal_uart.o
 .debug_macro   0x0000000000018301      0x198 ./common/ThirdParty/FreeRTOS/list.o
 .debug_macro   0x0000000000018499      0x22f ./common/ThirdParty/FreeRTOS/queue.o
 .debug_macro   0x00000000000186c8       0x16 ./common/ThirdParty/FreeRTOS/queue.o
 .debug_macro   0x00000000000186de      0x27e ./common/ThirdParty/FreeRTOS/tasks.o
 .debug_macro   0x000000000001895c       0x17 ./common/ThirdParty/FreeRTOS/tasks.o
 .debug_macro   0x0000000000018973      0x1e7 ./common/ThirdParty/FreeRTOS/timers.o
 .debug_macro   0x0000000000018b5a      0x1a7 ./common/ThirdParty/FreeRTOS/portable/GCC/ARM_CM4F/port.o
 .debug_macro   0x0000000000018d01      0x219 ./common/ThirdParty/FreeRTOS/portable/MemMang/heap_4.o

.debug_line     0x0000000000000000    0x16eac
 .debug_line    0x0000000000000000      0xad8 ./Core/Src/led_effect.o
 .debug_line    0x0000000000000ad8      0xc34 ./Core/Src/main.o
 .debug_line    0x000000000000170c      0xa35 ./Core/Src/stm32f4xx_hal_msp.o
 .debug_line    0x0000000000002141      0x770 ./Core/Src/stm32f4xx_hal_timebase_tim.o
 .debug_line    0x00000000000028b1      0xa4c ./Core/Src/stm32f4xx_it.o
 .debug_line    0x00000000000032fd      0x776 ./Core/Src/system_stm32f4xx.o
 .debug_line    0x0000000000003a73      0xb0f ./Core/Src/task_handler.o
 .debug_line    0x0000000000004582       0x88 ./Core/Startup/startup_stm32f401retx.o
 .debug_line    0x000000000000460a      0x9dc ./Drivers/STM32F4xx_HAL_Driver/Src/stm32f4xx_hal.o
 .debug_line    0x0000000000004fe6      0xc8b ./Drivers/STM32F4xx_HAL_Driver/Src/stm32f4xx_hal_cortex.o
 .debug_line    0x0000000000005c71      0xf40 ./Drivers/STM32F4xx_HAL_Driver/Src/stm32f4xx_hal_dma.o
 .debug_line    0x0000000000006bb1      0xb14 ./Drivers/STM32F4xx_HAL_Driver/Src/stm32f4xx_hal_gpio.o
 .debug_line    0x00000000000076c5      0xd58 ./Drivers/STM32F4xx_HAL_Driver/Src/stm32f4xx_hal_rcc.o
 .debug_line    0x000000000000841d      0xa0a ./Drivers/STM32F4xx_HAL_Driver/Src/stm32f4xx_hal_rcc_ex.o
 .debug_line    0x0000000000008e27     0x10b1 ./Drivers/STM32F4xx_HAL_Driver/Src/stm32f4xx_hal_rtc.o
 .debug_line    0x0000000000009ed8     0x34aa ./Drivers/STM32F4xx_HAL_Driver/Src/stm32f4xx_hal_tim.o
 .debug_line    0x000000000000d382     0x1974 ./Drivers/STM32F4xx_HAL_Driver/Src/stm32f4xx_hal_tim_ex.o
 .debug_line    0x000000000000ecf6     0x2a81 ./Drivers/STM32F4xx_HAL_Driver/Src/stm32f4xx_hal_uart.o
 .debug_line    0x0000000000011777      0x74c ./common/ThirdParty/FreeRTOS/list.o
 .debug_line    0x0000000000011ec3     0x150e ./common/ThirdParty/FreeRTOS/queue.o
 .debug_line    0x00000000000133d1     0x1c33 ./common/ThirdParty/FreeRTOS/tasks.o
 .debug_line    0x0000000000015004      0xc6e ./common/ThirdParty/FreeRTOS/timers.o
 .debug_line    0x0000000000015c72      0x86a ./common/ThirdParty/FreeRTOS/portable/GCC/ARM_CM4F/port.o
 .debug_line    0x00000000000164dc      0x9d0 ./common/ThirdParty/FreeRTOS/portable/MemMang/heap_4.o

.debug_str      0x0000000000000000    0x9ba20
 .debug_str     0x0000000000000000    0x94399 ./Core/Src/led_effect.o
                                      0x9464f (size before relaxing)
 .debug_str     0x0000000000094399      0xe45 ./Core/Src/main.o
                                      0x954f1 (size before relaxing)
 .debug_str     0x00000000000951de      0x503 ./Core/Src/stm32f4xx_hal_msp.o
                                      0x95169 (size before relaxing)
 .debug_str     0x00000000000956e1      0x107 ./Core/Src/stm32f4xx_hal_timebase_tim.o
                                      0x8c050 (size before relaxing)
 .debug_str     0x00000000000957e8       0xdb ./Core/Src/stm32f4xx_it.o
                                      0x94c66 (size before relaxing)
 .debug_str     0x00000000000958c3       0xdb ./Core/Src/system_stm32f4xx.o
                                      0x8b6bb (size before relaxing)
 .debug_str     0x000000000009599e       0xfc ./Core/Src/task_handler.o
                                      0x94bb3 (size before relaxing)
 .debug_str     0x0000000000095a9a       0x36 ./Core/Startup/startup_stm32f401retx.o
                                         0x78 (size before relaxing)
 .debug_str     0x0000000000095ad0      0x5d3 ./Drivers/STM32F4xx_HAL_Driver/Src/stm32f4xx_hal.o
                                      0x8c0dd (size before relaxing)
 .debug_str     0x00000000000960a3      0x321 ./Drivers/STM32F4xx_HAL_Driver/Src/stm32f4xx_hal_cortex.o
                                      0x8bdfe (size before relaxing)
 .debug_str     0x00000000000963c4      0x323 ./Drivers/STM32F4xx_HAL_Driver/Src/stm32f4xx_hal_dma.o
                                      0x8bac3 (size before relaxing)
 .debug_str     0x00000000000966e7      0x11c ./Drivers/STM32F4xx_HAL_Driver/Src/stm32f4xx_hal_gpio.o
                                      0x8b836 (size before relaxing)
 .debug_str     0x0000000000096803      0x1fd ./Drivers/STM32F4xx_HAL_Driver/Src/stm32f4xx_hal_rcc.o
                                      0x8baef (size before relaxing)
 .debug_str     0x0000000000096a00       0xf9 ./Drivers/STM32F4xx_HAL_Driver/Src/stm32f4xx_hal_rcc_ex.o
                                      0x8b81e (size before relaxing)
 .debug_str     0x0000000000096af9      0x332 ./Drivers/STM32F4xx_HAL_Driver/Src/stm32f4xx_hal_rtc.o
                                      0x8bb13 (size before relaxing)
 .debug_str     0x0000000000096e2b      0xe3c ./Drivers/STM32F4xx_HAL_Driver/Src/stm32f4xx_hal_tim.o
                                      0x8ca23 (size before relaxing)
 .debug_str     0x0000000000097c67      0x503 ./Drivers/STM32F4xx_HAL_Driver/Src/stm32f4xx_hal_tim_ex.o
                                      0x8c23f (size before relaxing)
 .debug_str     0x000000000009816a      0x5ab ./Drivers/STM32F4xx_HAL_Driver/Src/stm32f4xx_hal_uart.o
                                      0x8c07c (size before relaxing)
 .debug_str     0x0000000000098715      0x28e ./common/ThirdParty/FreeRTOS/list.o
                                       0xae2b (size before relaxing)
 .debug_str     0x00000000000989a3      0xacd ./common/ThirdParty/FreeRTOS/queue.o
                                       0xd3ae (size before relaxing)
 .debug_str     0x0000000000099470     0x1288 ./common/ThirdParty/FreeRTOS/tasks.o
                                       0xdea3 (size before relaxing)
 .debug_str     0x000000000009a6f8      0x529 ./common/ThirdParty/FreeRTOS/timers.o
                                       0xd6aa (size before relaxing)
 .debug_str     0x000000000009ac21      0x7ff ./common/ThirdParty/FreeRTOS/portable/GCC/ARM_CM4F/port.o
                                       0x99ae (size before relaxing)
 .debug_str     0x000000000009b420      0x600 ./common/ThirdParty/FreeRTOS/portable/MemMang/heap_4.o
                                       0xc655 (size before relaxing)

.comment        0x0000000000000000       0x50
 .comment       0x0000000000000000       0x50 ./Core/Src/led_effect.o
                                         0x51 (size before relaxing)
 .comment       0x0000000000000050       0x51 ./Core/Src/main.o
 .comment       0x0000000000000050       0x51 ./Core/Src/stm32f4xx_hal_msp.o
 .comment       0x0000000000000050       0x51 ./Core/Src/stm32f4xx_hal_timebase_tim.o
 .comment       0x0000000000000050       0x51 ./Core/Src/stm32f4xx_it.o
 .comment       0x0000000000000050       0x51 ./Core/Src/system_stm32f4xx.o
 .comment       0x0000000000000050       0x51 ./Core/Src/task_handler.o
 .comment       0x0000000000000050       0x51 ./Drivers/STM32F4xx_HAL_Driver/Src/stm32f4xx_hal.o
 .comment       0x0000000000000050       0x51 ./Drivers/STM32F4xx_HAL_Driver/Src/stm32f4xx_hal_cortex.o
 .comment       0x0000000000000050       0x51 ./Drivers/STM32F4xx_HAL_Driver/Src/stm32f4xx_hal_dma.o
 .comment       0x0000000000000050       0x51 ./Drivers/STM32F4xx_HAL_Driver/Src/stm32f4xx_hal_gpio.o
 .comment       0x0000000000000050       0x51 ./Drivers/STM32F4xx_HAL_Driver/Src/stm32f4xx_hal_rcc.o
 .comment       0x0000000000000050       0x51 ./Drivers/STM32F4xx_HAL_Driver/Src/stm32f4xx_hal_rcc_ex.o
 .comment       0x0000000000000050       0x51 ./Drivers/STM32F4xx_HAL_Driver/Src/stm32f4xx_hal_rtc.o
 .comment       0x0000000000000050       0x51 ./Drivers/STM32F4xx_HAL_Driver/Src/stm32f4xx_hal_tim.o
 .comment       0x0000000000000050       0x51 ./Drivers/STM32F4xx_HAL_Driver/Src/stm32f4xx_hal_tim_ex.o
 .comment       0x0000000000000050       0x51 ./Drivers/STM32F4xx_HAL_Driver/Src/stm32f4xx_hal_uart.o
 .comment       0x0000000000000050       0x51 ./common/ThirdParty/FreeRTOS/list.o
 .comment       0x0000000000000050       0x51 ./common/ThirdParty/FreeRTOS/queue.o
 .comment       0x0000000000000050       0x51 ./common/ThirdParty/FreeRTOS/tasks.o
 .comment       0x0000000000000050       0x51 ./common/ThirdParty/FreeRTOS/timers.o
 .comment       0x0000000000000050       0x51 ./common/ThirdParty/FreeRTOS/portable/GCC/ARM_CM4F/port.o
 .comment       0x0000000000000050       0x51 ./common/ThirdParty/FreeRTOS/portable/MemMang/heap_4.o

.debug_frame    0x0000000000000000     0x4f54
 .debug_frame   0x0000000000000000      0x178 ./Core/Src/led_effect.o
 .debug_frame   0x0000000000000178      0x134 ./Core/Src/main.o
 .debug_frame   0x00000000000002ac       0xc8 ./Core/Src/stm32f4xx_hal_msp.o
 .debug_frame   0x0000000000000374       0x74 ./Core/Src/stm32f4xx_hal_timebase_tim.o
 .debug_frame   0x00000000000003e8       0xe0 ./Core/Src/stm32f4xx_it.o
 .debug_frame   0x00000000000004c8       0x58 ./Core/Src/system_stm32f4xx.o
 .debug_frame   0x0000000000000520      0x104 ./Core/Src/task_handler.o
 .debug_frame   0x0000000000000624      0x374 ./Drivers/STM32F4xx_HAL_Driver/Src/stm32f4xx_hal.o
 .debug_frame   0x0000000000000998      0x498 ./Drivers/STM32F4xx_HAL_Driver/Src/stm32f4xx_hal_cortex.o
 .debug_frame   0x0000000000000e30      0x250 ./Drivers/STM32F4xx_HAL_Driver/Src/stm32f4xx_hal_dma.o
 .debug_frame   0x0000000000001080      0x14c ./Drivers/STM32F4xx_HAL_Driver/Src/stm32f4xx_hal_gpio.o
 .debug_frame   0x00000000000011cc      0x1f4 ./Drivers/STM32F4xx_HAL_Driver/Src/stm32f4xx_hal_rcc.o
 .debug_frame   0x00000000000013c0       0xf0 ./Drivers/STM32F4xx_HAL_Driver/Src/stm32f4xx_hal_rcc_ex.o
 .debug_frame   0x00000000000014b0      0x3f4 ./Drivers/STM32F4xx_HAL_Driver/Src/stm32f4xx_hal_rtc.o
 .debug_frame   0x00000000000018a4     0x11bc ./Drivers/STM32F4xx_HAL_Driver/Src/stm32f4xx_hal_tim.o
 .debug_frame   0x0000000000002a60      0x638 ./Drivers/STM32F4xx_HAL_Driver/Src/stm32f4xx_hal_tim_ex.o
 .debug_frame   0x0000000000003098      0x92c ./Drivers/STM32F4xx_HAL_Driver/Src/stm32f4xx_hal_uart.o
 .debug_frame   0x00000000000039c4       0xd8 ./common/ThirdParty/FreeRTOS/list.o
 .debug_frame   0x0000000000003a9c      0x470 ./common/ThirdParty/FreeRTOS/queue.o
 .debug_frame   0x0000000000003f0c      0x86c ./common/ThirdParty/FreeRTOS/tasks.o
 .debug_frame   0x0000000000004778      0x3c8 ./common/ThirdParty/FreeRTOS/timers.o
 .debug_frame   0x0000000000004b40      0x1d0 ./common/ThirdParty/FreeRTOS/portable/GCC/ARM_CM4F/port.o
 .debug_frame   0x0000000000004d10      0x150 ./common/ThirdParty/FreeRTOS/portable/MemMang/heap_4.o
 .debug_frame   0x0000000000004e60       0x2c c:/st/stm32cubeide_1.12.1/stm32cubeide/plugins/com.st.stm32cube.ide.mcu.externaltools.gnu-tools-for-stm32.10.3-2021.10.win32_1.0.200.202301161003/tools/bin/../lib/gcc/arm-none-eabi/10.3.1/../../../../arm-none-eabi/lib/thumb/v7e-m+fp/hard\libc_nano.a(lib_a-init.o)
 .debug_frame   0x0000000000004e8c       0x28 c:/st/stm32cubeide_1.12.1/stm32cubeide/plugins/com.st.stm32cube.ide.mcu.externaltools.gnu-tools-for-stm32.10.3-2021.10.win32_1.0.200.202301161003/tools/bin/../lib/gcc/arm-none-eabi/10.3.1/../../../../arm-none-eabi/lib/thumb/v7e-m+fp/hard\libc_nano.a(lib_a-memcpy-stub.o)
 .debug_frame   0x0000000000004eb4       0x20 c:/st/stm32cubeide_1.12.1/stm32cubeide/plugins/com.st.stm32cube.ide.mcu.externaltools.gnu-tools-for-stm32.10.3-2021.10.win32_1.0.200.202301161003/tools/bin/../lib/gcc/arm-none-eabi/10.3.1/../../../../arm-none-eabi/lib/thumb/v7e-m+fp/hard\libc_nano.a(lib_a-memset.o)
 .debug_frame   0x0000000000004ed4       0x20 c:/st/stm32cubeide_1.12.1/stm32cubeide/plugins/com.st.stm32cube.ide.mcu.externaltools.gnu-tools-for-stm32.10.3-2021.10.win32_1.0.200.202301161003/tools/bin/../lib/gcc/arm-none-eabi/10.3.1/../../../../arm-none-eabi/lib/thumb/v7e-m+fp/hard\libc_nano.a(lib_a-strcmp.o)
 .debug_frame   0x0000000000004ef4       0x2c c:/st/stm32cubeide_1.12.1/stm32cubeide/plugins/com.st.stm32cube.ide.mcu.externaltools.gnu-tools-for-stm32.10.3-2021.10.win32_1.0.200.202301161003/tools/bin/../lib/gcc/arm-none-eabi/10.3.1/thumb/v7e-m+fp/hard\libgcc.a(_aeabi_uldivmod.o)
 .debug_frame   0x0000000000004f20       0x34 c:/st/stm32cubeide_1.12.1/stm32cubeide/plugins/com.st.stm32cube.ide.mcu.externaltools.gnu-tools-for-stm32.10.3-2021.10.win32_1.0.200.202301161003/tools/bin/../lib/gcc/arm-none-eabi/10.3.1/thumb/v7e-m+fp/hard\libgcc.a(_udivmoddi4.o)