../Core/Src/main.c:82:5:main	56	static,ignoring_inline_asm
../Core/Src/main.c:162:6:SystemClock_Config	88	static
../Core/Src/main.c:210:13:MX_RTC_Init	8	static
../Core/Src/main.c:245:13:MX_USART2_UART_Init	8	static
../Core/Src/main.c:278:13:MX_GPIO_Init	48	static
../Core/Src/main.c:321:6:HAL_UART_RxCpltCallback	32	static
../Core/Src/main.c:352:6:blink_led_in_pattern_callback	24	static
../Core/Src/main.c:385:6:HAL_TIM_PeriodElapsedCallback	16	static
../Core/Src/main.c:402:6:Error_Handler	4	static,ignoring_inline_asm
