13:15:00 **** Incremental Build of configuration Debug for project LEDToggle_ISR_RTOS ****
make -j12 all 
arm-none-eabi-gcc "../Core/Src/main.c" -mcpu=cortex-m4 -std=gnu11 -g3 -DDEBUG -DUSE_HAL_DRIVER -DSTM32F401xE -c -I../Core/Inc -I../Drivers/STM32F4xx_HAL_Driver/Inc -I../Drivers/STM32F4xx_HAL_Driver/Inc/Legacy -I../Drivers/CMSIS/Device/ST/STM32F4xx/Include -I../Drivers/CMSIS/Include -I"C:/Embedded Learnings/RTOS/Workspace/common/ThirdParty/FreeRTOS/include" -I"C:/Embedded Learnings/RTOS/Workspace/common/ThirdParty/FreeRTOS/portable/GCC/ARM_CM4F" -I"C:/Embedded Learnings/RTOS/Workspace/common/ThirdParty/SEGGER/Config" -I"C:/Embedded Learnings/RTOS/Workspace/common/ThirdParty/SEGGER/OS" -I"C:/Embedded Learnings/RTOS/Workspace/common/ThirdParty/SEGGER/SEGGER" -O0 -ffunction-sections -fdata-sections -Wall -fstack-usage -fcyclomatic-complexity -MMD -MP -MF"Core/Src/main.d" -MT"Core/Src/main.o" --specs=nano.specs -mfpu=fpv4-sp-d16 -mfloat-abi=hard -mthumb -o "Core/Src/main.o"
arm-none-eabi-gcc -o "LEDToggle_ISR_RTOS.elf" @"objects.list"   -mcpu=cortex-m4 -T"C:\Embedded Learnings\RTOS\Workspace\LEDToggle_ISR_RTOS\STM32F401RETX_FLASH.ld" --specs=nosys.specs -Wl,-Map="LEDToggle_ISR_RTOS.map" -Wl,--gc-sections -static --specs=nano.specs -mfpu=fpv4-sp-d16 -mfloat-abi=hard -mthumb -Wl,--start-group -lc -lm -Wl,--end-group
Finished building target: LEDToggle_ISR_RTOS.elf
 
arm-none-eabi-size   LEDToggle_ISR_RTOS.elf 
arm-none-eabi-objdump -h -S  LEDToggle_ISR_RTOS.elf  > "LEDToggle_ISR_RTOS.list"
   text	   data	    bss	    dec	    hex	filename
  25696	     28	  80524	 106248	  19f08	LEDToggle_ISR_RTOS.elf
Finished building: default.size.stdout
 
Finished building: LEDToggle_ISR_RTOS.list
 

13:15:02 Build Finished. 0 errors, 0 warnings. (took 1s.580ms)

